================================================================================
SIMPLE GERRYMANDERING EXPERIMENTS
4 experiments: 2 algorithms × 2 objectives (LEFT vs RIGHT only)
================================================================================

Loading Emilia-Romagna data...
Loaded 330 communes


[1/4] Starting experiment: sa_maximize_left
--------------------------------------------------------------------------------
2025-11-05 19:08:42,886 - INFO - ================================================================================
2025-11-05 19:08:42,886 - INFO - Experiment: sa_maximize_left
2025-11-05 19:08:42,886 - INFO - Algorithm: simulated_annealing
2025-11-05 19:08:42,886 - INFO - Objective: maximize_left - Maximize left coalition seats
2025-11-05 19:08:42,886 - INFO - Steps: 3000
2025-11-05 19:08:42,886 - INFO - Random seed: 42
2025-11-05 19:08:42,886 - INFO - ================================================================================
2025-11-05 19:08:43,187 - INFO - Building adjacency graph
2025-11-05 19:08:43,538 - INFO - Starting optimization...
2025-11-05 19:08:43,539 - INFO - Initializing the map
2025-11-05 19:08:43,539 - INFO - Selecting 11 random communes to start the districts
2025-11-05 19:08:43,539 - INFO - Assigning the remaining communes to districts
2025-11-05 19:08:43,769 - INFO - Assigned 50 communes
2025-11-05 19:08:44,301 - INFO - Assigned 100 communes
2025-11-05 19:08:45,095 - INFO - Assigned 150 communes
2025-11-05 19:08:46,226 - INFO - Assigned 200 communes
2025-11-05 19:08:47,934 - INFO - Assigned 250 communes
2025-11-05 19:08:49,935 - INFO - Assigned 300 communes
2025-11-05 19:08:50,725 - INFO - Finished assigning communes to districts, assigned 330 communes out of 330 communes
2025-11-05 19:08:50,725 - INFO - District 0 has 61 communes
2025-11-05 19:08:50,725 - INFO - District 1 has 14 communes
2025-11-05 19:08:50,726 - INFO - District 2 has 3 communes
2025-11-05 19:08:50,726 - INFO - District 3 has 4 communes
2025-11-05 19:08:50,726 - INFO - District 4 has 9 communes
2025-11-05 19:08:50,726 - INFO - District 5 has 60 communes
2025-11-05 19:08:50,726 - INFO - District 6 has 30 communes
2025-11-05 19:08:50,726 - INFO - District 7 has 14 communes
2025-11-05 19:08:50,726 - INFO - District 8 has 10 communes
2025-11-05 19:08:50,726 - INFO - District 9 has 30 communes
2025-11-05 19:08:50,726 - INFO - District 10 has 95 communes
2025-11-05 19:08:50,754 - INFO - ✓ All initial districts are contiguous
2025-11-05 19:08:50,755 - INFO - Finished initializing the map
2025-11-05 19:08:50,893 - INFO - Generated a map with 11 districts, starting the simulation
2025-11-05 19:08:50,894 - INFO - Step 0, current temperature: 1000.0, current score: 112262.23565212342
2025-11-05 19:08:51,158 - INFO - Step 0, current temperature: 990.0, current score: 112262.23565212342
2025-11-05 19:08:51,158 - INFO - Seat deviation: 0, population std: 1122622.36
2025-11-05 19:08:55,328 - INFO - Step 30, current temperature: 732.3033696543973, current score: 99154.98567610838
2025-11-05 19:08:55,329 - INFO - Seat deviation: 0, population std: 991549.86
2025-11-05 19:08:59,507 - INFO - Step 60, current temperature: 541.6850759668533, current score: 99227.6430832667
2025-11-05 19:08:59,507 - INFO - Seat deviation: 0, population std: 992276.43
2025-11-05 19:09:03,781 - INFO - Step 90, current temperature: 400.68465295154033, current score: 92602.03628607439
2025-11-05 19:09:03,782 - INFO - Seat deviation: 0, population std: 926020.36
2025-11-05 19:09:08,159 - INFO - Step 120, current temperature: 296.3865873992079, current score: 83457.23587648828
2025-11-05 19:09:08,159 - INFO - Seat deviation: 0, population std: 834572.36
2025-11-05 19:09:12,468 - INFO - Step 150, current temperature: 219.23726936647216, current score: 76783.7976083152
2025-11-05 19:09:12,468 - INFO - Seat deviation: 0, population std: 767837.98
2025-11-05 19:09:16,678 - INFO - Step 180, current temperature: 162.1698900110064, current score: 70772.62313302551
2025-11-05 19:09:16,678 - INFO - Seat deviation: 0, population std: 707726.23
2025-11-05 19:09:21,135 - INFO - Step 210, current temperature: 119.95712819347789, current score: 66258.18449686171
2025-11-05 19:09:21,135 - INFO - Seat deviation: 0, population std: 662581.84
2025-11-05 19:09:25,366 - INFO - Step 240, current temperature: 88.73233251530137, current score: 60897.86860597894
2025-11-05 19:09:25,366 - INFO - Seat deviation: 0, population std: 608978.69
2025-11-05 19:09:29,507 - INFO - Step 270, current temperature: 65.63533949318146, current score: 55219.41639817205
2025-11-05 19:09:29,507 - INFO - Seat deviation: 0, population std: 552194.16
2025-11-05 19:09:33,856 - INFO - Step 300, current temperature: 48.55048513057286, current score: 51911.288450588145
2025-11-05 19:09:33,857 - INFO - Seat deviation: 0, population std: 519112.88
2025-11-05 19:09:38,191 - INFO - Step 330, current temperature: 35.912811979266884, current score: 48995.61620813347
2025-11-05 19:09:38,192 - INFO - Seat deviation: 0, population std: 489956.16
2025-11-05 19:09:42,368 - INFO - Step 360, current temperature: 26.564720430486812, current score: 46937.75886347387
2025-11-05 19:09:42,368 - INFO - Seat deviation: 0, population std: 469377.59
2025-11-05 19:09:46,552 - INFO - Step 390, current temperature: 19.649933621386364, current score: 44964.92120294928
2025-11-05 19:09:46,553 - INFO - Seat deviation: 0, population std: 449649.21
2025-11-05 19:09:50,834 - INFO - Step 420, current temperature: 14.535063236794407, current score: 41908.06488628284
2025-11-05 19:09:50,834 - INFO - Seat deviation: 0, population std: 419080.65
2025-11-05 19:09:55,067 - INFO - Step 450, current temperature: 10.75159170347909, current score: 39625.324004160655
2025-11-05 19:09:55,067 - INFO - Seat deviation: 0, population std: 396253.24
2025-11-05 19:09:59,351 - INFO - Step 480, current temperature: 7.952956397581822, current score: 37808.31885024754
2025-11-05 19:09:59,351 - INFO - Seat deviation: 0, population std: 378083.19
2025-11-05 19:10:03,554 - INFO - Step 510, current temperature: 5.882804816831986, current score: 37681.501738822626
2025-11-05 19:10:03,554 - INFO - Seat deviation: 0, population std: 376815.02
2025-11-05 19:10:07,674 - INFO - Step 540, current temperature: 4.351512919580993, current score: 35947.77913246559
2025-11-05 19:10:07,674 - INFO - Seat deviation: 0, population std: 359477.79
2025-11-05 19:10:11,900 - INFO - Step 570, current temperature: 3.218815731417986, current score: 33518.94172095672
2025-11-05 19:10:11,900 - INFO - Seat deviation: 0, population std: 335189.42
2025-11-05 19:10:16,130 - INFO - Step 600, current temperature: 2.380959198397954, current score: 32238.36211841952
2025-11-05 19:10:16,130 - INFO - Seat deviation: 0, population std: 322383.62
2025-11-05 19:10:20,428 - INFO - Step 630, current temperature: 1.7611964080772267, current score: 28740.179985015304
2025-11-05 19:10:20,428 - INFO - Seat deviation: 0, population std: 287401.80
2025-11-05 19:10:24,798 - INFO - Step 660, current temperature: 1.302757640664823, current score: 27524.01856181387
2025-11-05 19:10:24,798 - INFO - Seat deviation: 0, population std: 275240.19
2025-11-05 19:10:29,110 - INFO - Step 690, current temperature: 0.9636503132342047, current score: 25652.33415029414
2025-11-05 19:10:29,111 - INFO - Seat deviation: 0, population std: 256523.34
2025-11-05 19:10:33,294 - INFO - Step 720, current temperature: 0.7128124965150743, current score: 25178.952930251122
2025-11-05 19:10:33,294 - INFO - Seat deviation: 0, population std: 251789.53
2025-11-05 19:10:37,482 - INFO - Step 750, current temperature: 0.5272676698280327, current score: 23441.47810694426
2025-11-05 19:10:37,482 - INFO - Seat deviation: 0, population std: 234414.78
2025-11-05 19:10:41,781 - INFO - Step 780, current temperature: 0.3900200922473644, current score: 22857.58499213976
2025-11-05 19:10:41,781 - INFO - Seat deviation: 0, population std: 228575.85
2025-11-05 19:10:46,021 - INFO - Step 810, current temperature: 0.2884980078643069, current score: 21968.624567368428
2025-11-05 19:10:46,021 - INFO - Seat deviation: 0, population std: 219686.25
2025-11-05 19:10:50,257 - INFO - Step 840, current temperature: 0.2134020841390028, current score: 21072.305242452105
2025-11-05 19:10:50,258 - INFO - Seat deviation: 0, population std: 210723.05
2025-11-05 19:10:54,488 - INFO - Step 870, current temperature: 0.15785360131945758, current score: 19562.067409197414
2025-11-05 19:10:54,488 - INFO - Seat deviation: 0, population std: 195620.67
2025-11-05 19:10:58,656 - INFO - Step 900, current temperature: 0.11676436783668753, current score: 17491.34992836542
2025-11-05 19:10:58,656 - INFO - Seat deviation: 0, population std: 174913.50
2025-11-05 19:11:02,876 - INFO - Step 930, current temperature: 0.08637064648724427, current score: 17419.409326124536
2025-11-05 19:11:02,876 - INFO - Seat deviation: 0, population std: 174194.09
2025-11-05 19:11:07,024 - INFO - Step 960, current temperature: 0.06388839945640173, current score: 15701.862707803515
2025-11-05 19:11:07,024 - INFO - Seat deviation: 0, population std: 157018.63
2025-11-05 19:11:11,175 - INFO - Step 990, current temperature: 0.04725827293307996, current score: 12980.98932089755
2025-11-05 19:11:11,175 - INFO - Seat deviation: 0, population std: 129809.89
2025-11-05 19:11:15,472 - INFO - Step 1020, current temperature: 0.034956962134284494, current score: 11724.747225504841
2025-11-05 19:11:15,472 - INFO - Seat deviation: 0, population std: 117247.47
2025-11-05 19:11:19,796 - INFO - Step 1050, current temperature: 0.02585767794325021, current score: 10639.349178667831
2025-11-05 19:11:19,796 - INFO - Seat deviation: 0, population std: 106393.49
2025-11-05 19:11:24,038 - INFO - Step 1080, current temperature: 0.019126934029576086, current score: 10212.911407277192
2025-11-05 19:11:24,038 - INFO - Seat deviation: 0, population std: 102129.11
2025-11-05 19:11:28,271 - INFO - Step 1110, current temperature: 0.014148200243450431, current score: 10016.433737258616
2025-11-05 19:11:28,272 - INFO - Seat deviation: 0, population std: 100164.34
2025-11-05 19:11:32,557 - INFO - Step 1140, current temperature: 0.010465429002852442, current score: 9317.230708657326
2025-11-05 19:11:32,557 - INFO - Seat deviation: 0, population std: 93172.31
2025-11-05 19:11:33,275 - INFO - Optimization complete. Best score: 9317.230708657326
2025-11-05 19:11:33,277 - INFO - Results saved to results/data/sa_maximize_left_20251105_190842_seed42.json
2025-11-05 19:11:33,282 - INFO - Full results saved to results/data/sa_maximize_left_20251105_190842_seed42.pkl
2025-11-05 19:11:33,282 - INFO - Creating visualizations...
2025-11-05 19:11:34,413 - INFO - Simplified comparison plot saved to results/sa_maximize_left_20251105_190842_seed42_comparison.png
2025-11-05 19:11:34,413 - INFO - Creating simplified animation with 39 frames
2025-11-05 19:11:34,458 - INFO - Animation.save using <class 'matplotlib.animation.PillowWriter'>
2025-11-05 19:11:51,467 - INFO - Simplified animation saved to results/gifs/sa_maximize_left_20251105_190842_seed42.gif
2025-11-05 19:11:51,468 - INFO - ================================================================================
2025-11-05 19:11:51,468 - INFO - Experiment complete!
2025-11-05 19:11:51,468 - INFO - Results: results/data/sa_maximize_left_20251105_190842_seed42.json
2025-11-05 19:11:51,468 - INFO - Comparison: results/sa_maximize_left_20251105_190842_seed42_comparison.png
2025-11-05 19:11:51,468 - INFO - Animation: results/gifs/sa_maximize_left_20251105_190842_seed42.gif
2025-11-05 19:11:51,469 - INFO - ================================================================================

[2/4] Starting experiment: sa_maximize_right
--------------------------------------------------------------------------------
2025-11-05 19:11:51,470 - INFO - ================================================================================
2025-11-05 19:11:51,470 - INFO - Experiment: sa_maximize_right
2025-11-05 19:11:51,470 - INFO - Algorithm: simulated_annealing
2025-11-05 19:11:51,470 - INFO - Objective: maximize_right - Maximize right coalition seats
2025-11-05 19:11:51,470 - INFO - Steps: 3000
2025-11-05 19:11:51,470 - INFO - Random seed: 42
2025-11-05 19:11:51,470 - INFO - ================================================================================
2025-11-05 19:11:51,471 - INFO - Building adjacency graph
2025-11-05 19:11:51,811 - INFO - Starting optimization...
2025-11-05 19:11:51,811 - INFO - Initializing the map
2025-11-05 19:11:51,811 - INFO - Selecting 11 random communes to start the districts
2025-11-05 19:11:51,811 - INFO - Assigning the remaining communes to districts
2025-11-05 19:11:52,028 - INFO - Assigned 50 communes
2025-11-05 19:11:52,562 - INFO - Assigned 100 communes
2025-11-05 19:11:53,391 - INFO - Assigned 150 communes
2025-11-05 19:11:54,568 - INFO - Assigned 200 communes
2025-11-05 19:11:56,169 - INFO - Assigned 250 communes
2025-11-05 19:11:58,181 - INFO - Assigned 300 communes
2025-11-05 19:11:58,992 - INFO - Finished assigning communes to districts, assigned 330 communes out of 330 communes
2025-11-05 19:11:58,993 - INFO - District 0 has 61 communes
2025-11-05 19:11:58,993 - INFO - District 1 has 14 communes
2025-11-05 19:11:58,993 - INFO - District 2 has 3 communes
2025-11-05 19:11:58,993 - INFO - District 3 has 4 communes
2025-11-05 19:11:58,993 - INFO - District 4 has 9 communes
2025-11-05 19:11:58,993 - INFO - District 5 has 60 communes
2025-11-05 19:11:58,994 - INFO - District 6 has 30 communes
2025-11-05 19:11:58,994 - INFO - District 7 has 14 communes
2025-11-05 19:11:58,994 - INFO - District 8 has 10 communes
2025-11-05 19:11:58,994 - INFO - District 9 has 30 communes
2025-11-05 19:11:58,994 - INFO - District 10 has 95 communes
2025-11-05 19:11:59,024 - INFO - ✓ All initial districts are contiguous
2025-11-05 19:11:59,025 - INFO - Finished initializing the map
2025-11-05 19:11:59,166 - INFO - Generated a map with 11 districts, starting the simulation
2025-11-05 19:11:59,166 - INFO - Step 0, current temperature: 1000.0, current score: 112262.23565212342
2025-11-05 19:11:59,448 - INFO - Step 0, current temperature: 990.0, current score: 112262.23565212342
2025-11-05 19:11:59,449 - INFO - Seat deviation: 1, population std: 1122622.36
2025-11-05 19:12:03,871 - INFO - Step 30, current temperature: 732.3033696543973, current score: 99154.98567610838
2025-11-05 19:12:03,872 - INFO - Seat deviation: 1, population std: 991549.86
2025-11-05 19:12:08,143 - INFO - Step 60, current temperature: 541.6850759668533, current score: 99227.6430832667
2025-11-05 19:12:08,143 - INFO - Seat deviation: 1, population std: 992276.43
2025-11-05 19:12:12,481 - INFO - Step 90, current temperature: 400.68465295154033, current score: 92602.03628607439
2025-11-05 19:12:12,482 - INFO - Seat deviation: 1, population std: 926020.36
2025-11-05 19:12:16,750 - INFO - Step 120, current temperature: 296.3865873992079, current score: 83457.23587648828
2025-11-05 19:12:16,751 - INFO - Seat deviation: 1, population std: 834572.36
2025-11-05 19:12:21,040 - INFO - Step 150, current temperature: 219.23726936647216, current score: 76783.7976083152
2025-11-05 19:12:21,040 - INFO - Seat deviation: 1, population std: 767837.98
2025-11-05 19:12:25,422 - INFO - Step 180, current temperature: 162.1698900110064, current score: 70772.62313302551
2025-11-05 19:12:25,423 - INFO - Seat deviation: 1, population std: 707726.23
2025-11-05 19:12:29,823 - INFO - Step 210, current temperature: 119.95712819347789, current score: 66258.18449686171
2025-11-05 19:12:29,824 - INFO - Seat deviation: 1, population std: 662581.84
2025-11-05 19:12:34,159 - INFO - Step 240, current temperature: 88.73233251530137, current score: 60897.86860597894
2025-11-05 19:12:34,160 - INFO - Seat deviation: 1, population std: 608978.69
2025-11-05 19:12:38,452 - INFO - Step 270, current temperature: 65.63533949318146, current score: 55219.41639817205
2025-11-05 19:12:38,452 - INFO - Seat deviation: 1, population std: 552194.16
2025-11-05 19:12:42,669 - INFO - Step 300, current temperature: 48.55048513057286, current score: 51911.288450588145
2025-11-05 19:12:42,670 - INFO - Seat deviation: 1, population std: 519112.88
2025-11-05 19:12:46,933 - INFO - Step 330, current temperature: 35.912811979266884, current score: 48995.61620813347
2025-11-05 19:12:46,933 - INFO - Seat deviation: 1, population std: 489956.16
2025-11-05 19:12:51,116 - INFO - Step 360, current temperature: 26.564720430486812, current score: 46937.75886347387
2025-11-05 19:12:51,116 - INFO - Seat deviation: 1, population std: 469377.59
2025-11-05 19:12:55,363 - INFO - Step 390, current temperature: 19.649933621386364, current score: 44964.92120294928
2025-11-05 19:12:55,364 - INFO - Seat deviation: 1, population std: 449649.21
2025-11-05 19:12:59,568 - INFO - Step 420, current temperature: 14.535063236794407, current score: 41908.06488628284
2025-11-05 19:12:59,569 - INFO - Seat deviation: 1, population std: 419080.65
2025-11-05 19:13:03,993 - INFO - Step 450, current temperature: 10.75159170347909, current score: 39625.324004160655
2025-11-05 19:13:03,994 - INFO - Seat deviation: 1, population std: 396253.24
2025-11-05 19:13:08,327 - INFO - Step 480, current temperature: 7.952956397581822, current score: 37808.31885024754
2025-11-05 19:13:08,327 - INFO - Seat deviation: 1, population std: 378083.19
2025-11-05 19:13:12,640 - INFO - Step 510, current temperature: 5.882804816831986, current score: 37681.501738822626
2025-11-05 19:13:12,640 - INFO - Seat deviation: 1, population std: 376815.02
2025-11-05 19:13:16,902 - INFO - Step 540, current temperature: 4.351512919580993, current score: 35947.77913246559
2025-11-05 19:13:16,903 - INFO - Seat deviation: 1, population std: 359477.79
2025-11-05 19:13:21,252 - INFO - Step 570, current temperature: 3.218815731417986, current score: 33518.94172095672
2025-11-05 19:13:21,253 - INFO - Seat deviation: 1, population std: 335189.42
2025-11-05 19:13:25,446 - INFO - Step 600, current temperature: 2.380959198397954, current score: 32238.36211841952
2025-11-05 19:13:25,446 - INFO - Seat deviation: 1, population std: 322383.62
2025-11-05 19:13:29,663 - INFO - Step 630, current temperature: 1.7611964080772267, current score: 28740.179985015304
2025-11-05 19:13:29,664 - INFO - Seat deviation: 1, population std: 287401.80
2025-11-05 19:13:33,910 - INFO - Step 660, current temperature: 1.302757640664823, current score: 27524.01856181387
2025-11-05 19:13:33,911 - INFO - Seat deviation: 1, population std: 275240.19
2025-11-05 19:13:38,174 - INFO - Step 690, current temperature: 0.9636503132342047, current score: 25652.33415029414
2025-11-05 19:13:38,174 - INFO - Seat deviation: 1, population std: 256523.34
2025-11-05 19:13:42,448 - INFO - Step 720, current temperature: 0.7128124965150743, current score: 25178.952930251122
2025-11-05 19:13:42,449 - INFO - Seat deviation: 1, population std: 251789.53
2025-11-05 19:13:46,745 - INFO - Step 750, current temperature: 0.5272676698280327, current score: 23441.47810694426
2025-11-05 19:13:46,745 - INFO - Seat deviation: 1, population std: 234414.78
2025-11-05 19:13:51,088 - INFO - Step 780, current temperature: 0.3900200922473644, current score: 22857.58499213976
2025-11-05 19:13:51,088 - INFO - Seat deviation: 1, population std: 228575.85
2025-11-05 19:13:55,323 - INFO - Step 810, current temperature: 0.2884980078643069, current score: 21968.624567368428
2025-11-05 19:13:55,324 - INFO - Seat deviation: 1, population std: 219686.25
2025-11-05 19:13:59,543 - INFO - Step 840, current temperature: 0.2134020841390028, current score: 21072.305242452105
2025-11-05 19:13:59,543 - INFO - Seat deviation: 1, population std: 210723.05
2025-11-05 19:14:03,923 - INFO - Step 870, current temperature: 0.15785360131945758, current score: 19562.067409197414
2025-11-05 19:14:03,924 - INFO - Seat deviation: 1, population std: 195620.67
2025-11-05 19:14:08,109 - INFO - Step 900, current temperature: 0.11676436783668753, current score: 17491.34992836542
2025-11-05 19:14:08,109 - INFO - Seat deviation: 1, population std: 174913.50
2025-11-05 19:14:12,480 - INFO - Step 930, current temperature: 0.08637064648724427, current score: 17419.409326124536
2025-11-05 19:14:12,480 - INFO - Seat deviation: 1, population std: 174194.09
2025-11-05 19:14:16,842 - INFO - Step 960, current temperature: 0.06388839945640173, current score: 15701.862707803515
2025-11-05 19:14:16,842 - INFO - Seat deviation: 1, population std: 157018.63
2025-11-05 19:14:21,139 - INFO - Step 990, current temperature: 0.04725827293307996, current score: 12980.98932089755
2025-11-05 19:14:21,139 - INFO - Seat deviation: 1, population std: 129809.89
2025-11-05 19:14:25,334 - INFO - Step 1020, current temperature: 0.034956962134284494, current score: 11724.747225504841
2025-11-05 19:14:25,335 - INFO - Seat deviation: 1, population std: 117247.47
2025-11-05 19:14:29,582 - INFO - Step 1050, current temperature: 0.02585767794325021, current score: 10639.349178667831
2025-11-05 19:14:29,582 - INFO - Seat deviation: 1, population std: 106393.49
2025-11-05 19:14:33,847 - INFO - Step 1080, current temperature: 0.019126934029576086, current score: 10212.911407277192
2025-11-05 19:14:33,847 - INFO - Seat deviation: 1, population std: 102129.11
2025-11-05 19:14:38,213 - INFO - Step 1110, current temperature: 0.014148200243450431, current score: 10016.433737258616
2025-11-05 19:14:38,214 - INFO - Seat deviation: 1, population std: 100164.34
2025-11-05 19:14:42,618 - INFO - Step 1140, current temperature: 0.010465429002852442, current score: 9317.230708657326
2025-11-05 19:14:42,618 - INFO - Seat deviation: 1, population std: 93172.31
2025-11-05 19:14:43,330 - INFO - Optimization complete. Best score: 9317.230708657326
2025-11-05 19:14:43,332 - INFO - Results saved to results/data/sa_maximize_right_20251105_191151_seed42.json
2025-11-05 19:14:43,337 - INFO - Full results saved to results/data/sa_maximize_right_20251105_191151_seed42.pkl
2025-11-05 19:14:43,337 - INFO - Creating visualizations...
2025-11-05 19:14:44,469 - INFO - Simplified comparison plot saved to results/sa_maximize_right_20251105_191151_seed42_comparison.png
2025-11-05 19:14:44,470 - INFO - Creating simplified animation with 39 frames
2025-11-05 19:14:44,553 - INFO - Animation.save using <class 'matplotlib.animation.PillowWriter'>
2025-11-05 19:15:00,114 - INFO - Simplified animation saved to results/gifs/sa_maximize_right_20251105_191151_seed42.gif
2025-11-05 19:15:00,114 - INFO - ================================================================================
2025-11-05 19:15:00,115 - INFO - Experiment complete!
2025-11-05 19:15:00,115 - INFO - Results: results/data/sa_maximize_right_20251105_191151_seed42.json
2025-11-05 19:15:00,115 - INFO - Comparison: results/sa_maximize_right_20251105_191151_seed42_comparison.png
2025-11-05 19:15:00,115 - INFO - Animation: results/gifs/sa_maximize_right_20251105_191151_seed42.gif
2025-11-05 19:15:00,115 - INFO - ================================================================================

[3/4] Starting experiment: greedy_maximize_left
--------------------------------------------------------------------------------
2025-11-05 19:15:00,116 - INFO - ================================================================================
2025-11-05 19:15:00,117 - INFO - Experiment: greedy_maximize_left
2025-11-05 19:15:00,117 - INFO - Algorithm: greedy
2025-11-05 19:15:00,117 - INFO - Objective: maximize_left - Maximize left coalition seats
2025-11-05 19:15:00,117 - INFO - Steps: 3000
2025-11-05 19:15:00,117 - INFO - Random seed: 42
2025-11-05 19:15:00,117 - INFO - ================================================================================
2025-11-05 19:15:00,118 - INFO - Building adjacency graph
2025-11-05 19:15:00,480 - INFO - Starting optimization...
2025-11-05 19:15:00,481 - INFO - Initializing the map
2025-11-05 19:15:00,481 - INFO - Selecting 11 random communes to start the districts
2025-11-05 19:15:00,481 - INFO - Assigning the remaining communes to districts
2025-11-05 19:15:00,693 - INFO - Assigned 50 communes
2025-11-05 19:15:01,226 - INFO - Assigned 100 communes
2025-11-05 19:15:02,028 - INFO - Assigned 150 communes
2025-11-05 19:15:03,169 - INFO - Assigned 200 communes
2025-11-05 19:15:04,748 - INFO - Assigned 250 communes
2025-11-05 19:15:06,765 - INFO - Assigned 300 communes
2025-11-05 19:15:07,563 - INFO - Finished assigning communes to districts, assigned 330 communes out of 330 communes
2025-11-05 19:15:07,564 - INFO - District 0 has 61 communes
2025-11-05 19:15:07,564 - INFO - District 1 has 14 communes
2025-11-05 19:15:07,564 - INFO - District 2 has 3 communes
2025-11-05 19:15:07,564 - INFO - District 3 has 4 communes
2025-11-05 19:15:07,564 - INFO - District 4 has 9 communes
2025-11-05 19:15:07,564 - INFO - District 5 has 60 communes
2025-11-05 19:15:07,564 - INFO - District 6 has 30 communes
2025-11-05 19:15:07,564 - INFO - District 7 has 14 communes
2025-11-05 19:15:07,564 - INFO - District 8 has 10 communes
2025-11-05 19:15:07,564 - INFO - District 9 has 30 communes
2025-11-05 19:15:07,565 - INFO - District 10 has 95 communes
2025-11-05 19:15:07,593 - INFO - ✓ All initial districts are contiguous
2025-11-05 19:15:07,593 - INFO - Finished initializing the map
2025-11-05 19:15:07,748 - INFO - Generated a map with 11 districts, starting greedy optimization
2025-11-05 19:15:07,748 - INFO - Step 0, current score: 112262.23565212342
2025-11-05 19:15:08,016 - INFO - Step 0, current score: 112262.23565212342, improvements: 0
2025-11-05 19:15:08,016 - INFO - Seat deviation: 0, population std: 1122622.36
2025-11-05 19:15:12,416 - INFO - Step 30, current score: 98312.6139624384, improvements: 17
2025-11-05 19:15:12,417 - INFO - Seat deviation: 0, population std: 983126.14
2025-11-05 19:15:16,851 - INFO - Step 60, current score: 92886.90776981623, improvements: 31
2025-11-05 19:15:16,851 - INFO - Seat deviation: 0, population std: 928869.08
2025-11-05 19:15:21,166 - INFO - Step 90, current score: 87184.94798575238, improvements: 41
2025-11-05 19:15:21,166 - INFO - Seat deviation: 0, population std: 871849.48
2025-11-05 19:15:25,547 - INFO - Step 120, current score: 76500.6084305584, improvements: 57
2025-11-05 19:15:25,547 - INFO - Seat deviation: 0, population std: 765006.08
2025-11-05 19:15:29,807 - INFO - Step 150, current score: 70287.34855772204, improvements: 68
2025-11-05 19:15:29,807 - INFO - Seat deviation: 0, population std: 702873.49
2025-11-05 19:15:34,093 - INFO - Step 180, current score: 60647.58804891646, improvements: 87
2025-11-05 19:15:34,093 - INFO - Seat deviation: 0, population std: 606475.88
2025-11-05 19:15:38,537 - INFO - Step 210, current score: 58612.42269248034, improvements: 94
2025-11-05 19:15:38,537 - INFO - Seat deviation: 0, population std: 586124.23
2025-11-05 19:15:42,954 - INFO - Step 240, current score: 53439.83953955039, improvements: 109
2025-11-05 19:15:42,954 - INFO - Seat deviation: 0, population std: 534398.40
2025-11-05 19:15:47,285 - INFO - Step 270, current score: 49040.905415471854, improvements: 119
2025-11-05 19:15:47,286 - INFO - Seat deviation: 0, population std: 490409.05
2025-11-05 19:15:51,551 - INFO - Step 300, current score: 43262.2051436479, improvements: 132
2025-11-05 19:15:51,551 - INFO - Seat deviation: 0, population std: 432622.05
2025-11-05 19:15:55,831 - INFO - Step 330, current score: 39654.617702862364, improvements: 141
2025-11-05 19:15:55,832 - INFO - Seat deviation: 0, population std: 396546.18
2025-11-05 19:16:00,102 - INFO - Step 360, current score: 35908.96322740937, improvements: 151
2025-11-05 19:16:00,102 - INFO - Seat deviation: 0, population std: 359089.63
2025-11-05 19:16:04,484 - INFO - Step 390, current score: 32746.90289544649, improvements: 161
2025-11-05 19:16:04,484 - INFO - Seat deviation: 0, population std: 327469.03
2025-11-05 19:16:08,853 - INFO - Step 420, current score: 29544.059588137818, improvements: 170
2025-11-05 19:16:08,854 - INFO - Seat deviation: 0, population std: 295440.60
2025-11-05 19:16:13,074 - INFO - Step 450, current score: 27832.897528189747, improvements: 174
2025-11-05 19:16:13,075 - INFO - Seat deviation: 0, population std: 278328.98
2025-11-05 19:16:17,250 - INFO - Step 480, current score: 26393.188816989437, improvements: 177
2025-11-05 19:16:17,250 - INFO - Seat deviation: 0, population std: 263931.89
2025-11-05 19:16:21,605 - INFO - Step 510, current score: 23884.5823301861, improvements: 186
2025-11-05 19:16:21,605 - INFO - Seat deviation: 0, population std: 238845.82
2025-11-05 19:16:26,094 - INFO - Step 540, current score: 22376.597997424615, improvements: 194
2025-11-05 19:16:26,094 - INFO - Seat deviation: 0, population std: 223765.98
2025-11-05 19:16:30,459 - INFO - Step 570, current score: 21786.06372457114, improvements: 198
2025-11-05 19:16:30,459 - INFO - Seat deviation: 0, population std: 217860.64
2025-11-05 19:16:34,717 - INFO - Step 600, current score: 19611.277186914256, improvements: 206
2025-11-05 19:16:34,718 - INFO - Seat deviation: 0, population std: 196112.77
2025-11-05 19:16:39,040 - INFO - Step 630, current score: 18868.909046465873, improvements: 215
2025-11-05 19:16:39,040 - INFO - Seat deviation: 0, population std: 188689.09
2025-11-05 19:16:43,452 - INFO - Step 660, current score: 17613.32801850457, improvements: 220
2025-11-05 19:16:43,452 - INFO - Seat deviation: 0, population std: 176133.28
2025-11-05 19:16:47,750 - INFO - Step 690, current score: 17084.87176986976, improvements: 225
2025-11-05 19:16:47,750 - INFO - Seat deviation: 0, population std: 170848.72
2025-11-05 19:16:51,988 - INFO - Step 720, current score: 15375.823456387092, improvements: 232
2025-11-05 19:16:51,988 - INFO - Seat deviation: 0, population std: 153758.23
2025-11-05 19:16:56,268 - INFO - Step 750, current score: 14025.45434079124, improvements: 237
2025-11-05 19:16:56,268 - INFO - Seat deviation: 0, population std: 140254.54
2025-11-05 19:17:00,522 - INFO - Step 780, current score: 12512.610931382998, improvements: 247
2025-11-05 19:17:00,523 - INFO - Seat deviation: 0, population std: 125126.11
2025-11-05 19:17:04,897 - INFO - Step 810, current score: 12232.471727859935, improvements: 251
2025-11-05 19:17:04,898 - INFO - Seat deviation: 0, population std: 122324.72
2025-11-05 19:17:09,289 - INFO - Step 840, current score: 12232.471727859935, improvements: 251
2025-11-05 19:17:09,290 - INFO - Seat deviation: 0, population std: 122324.72
2025-11-05 19:17:13,535 - INFO - Step 870, current score: 12221.206706309616, improvements: 252
2025-11-05 19:17:13,535 - INFO - Seat deviation: 0, population std: 122212.07
2025-11-05 19:17:17,998 - INFO - Step 900, current score: 12134.415006695244, improvements: 253
2025-11-05 19:17:17,998 - INFO - Seat deviation: 0, population std: 121344.15
2025-11-05 19:17:22,227 - INFO - Step 930, current score: 12134.415006695244, improvements: 253
2025-11-05 19:17:22,227 - INFO - Seat deviation: 0, population std: 121344.15
2025-11-05 19:17:26,662 - INFO - Step 960, current score: 10844.929405369037, improvements: 256
2025-11-05 19:17:26,662 - INFO - Seat deviation: 0, population std: 108449.29
2025-11-05 19:17:31,100 - INFO - Step 990, current score: 10703.251295673997, improvements: 257
2025-11-05 19:17:31,101 - INFO - Seat deviation: 0, population std: 107032.51
2025-11-05 19:17:35,383 - INFO - Step 1020, current score: 10703.251295673997, improvements: 257
2025-11-05 19:17:35,383 - INFO - Seat deviation: 0, population std: 107032.51
2025-11-05 19:17:39,679 - INFO - Step 1050, current score: 9956.230311453766, improvements: 260
2025-11-05 19:17:39,679 - INFO - Seat deviation: 0, population std: 99562.30
2025-11-05 19:17:44,066 - INFO - Step 1080, current score: 9956.230311453766, improvements: 260
2025-11-05 19:17:44,066 - INFO - Seat deviation: 0, population std: 99562.30
2025-11-05 19:17:48,348 - INFO - Step 1110, current score: 9956.230311453766, improvements: 260
2025-11-05 19:17:48,348 - INFO - Seat deviation: 0, population std: 99562.30
2025-11-05 19:17:52,703 - INFO - Step 1140, current score: 9956.230311453766, improvements: 260
2025-11-05 19:17:52,703 - INFO - Seat deviation: 0, population std: 99562.30
2025-11-05 19:17:56,958 - INFO - Step 1170, current score: 9956.230311453766, improvements: 260
2025-11-05 19:17:56,959 - INFO - Seat deviation: 0, population std: 99562.30
2025-11-05 19:18:01,231 - INFO - Step 1200, current score: 9956.230311453766, improvements: 260
2025-11-05 19:18:01,231 - INFO - Seat deviation: 0, population std: 99562.30
2025-11-05 19:18:05,654 - INFO - Step 1230, current score: 9322.764187347688, improvements: 262
2025-11-05 19:18:05,654 - INFO - Seat deviation: 0, population std: 93227.64
2025-11-05 19:18:09,936 - INFO - Step 1260, current score: 8745.39327158652, improvements: 264
2025-11-05 19:18:09,937 - INFO - Seat deviation: 0, population std: 87453.93
2025-11-05 19:18:14,302 - INFO - Step 1290, current score: 8745.39327158652, improvements: 264
2025-11-05 19:18:14,302 - INFO - Seat deviation: 0, population std: 87453.93
2025-11-05 19:18:18,501 - INFO - Step 1320, current score: 7847.836242741853, improvements: 268
2025-11-05 19:18:18,502 - INFO - Seat deviation: 0, population std: 78478.36
2025-11-05 19:18:22,741 - INFO - Step 1350, current score: 7692.608683321331, improvements: 270
2025-11-05 19:18:22,741 - INFO - Seat deviation: 0, population std: 76926.09
2025-11-05 19:18:27,121 - INFO - Step 1380, current score: 7290.224400597995, improvements: 273
2025-11-05 19:18:27,122 - INFO - Seat deviation: 0, population std: 72902.24
2025-11-05 19:18:31,410 - INFO - Step 1410, current score: 6617.755021990039, improvements: 278
2025-11-05 19:18:31,411 - INFO - Seat deviation: 0, population std: 66177.55
2025-11-05 19:18:35,651 - INFO - Step 1440, current score: 6617.755021990039, improvements: 278
2025-11-05 19:18:35,651 - INFO - Seat deviation: 0, population std: 66177.55
2025-11-05 19:18:39,838 - INFO - Step 1470, current score: 6617.755021990039, improvements: 278
2025-11-05 19:18:39,838 - INFO - Seat deviation: 0, population std: 66177.55
2025-11-05 19:18:44,104 - INFO - Step 1500, current score: 6617.755021990039, improvements: 278
2025-11-05 19:18:44,104 - INFO - Seat deviation: 0, population std: 66177.55
2025-11-05 19:18:48,458 - INFO - Step 1530, current score: 5667.889704465277, improvements: 283
2025-11-05 19:18:48,458 - INFO - Seat deviation: 0, population std: 56678.90
2025-11-05 19:18:52,651 - INFO - Step 1560, current score: 5296.114275767043, improvements: 286
2025-11-05 19:18:52,651 - INFO - Seat deviation: 0, population std: 52961.14
2025-11-05 19:18:57,073 - INFO - Step 1590, current score: 4659.986971517275, improvements: 288
2025-11-05 19:18:57,073 - INFO - Seat deviation: 0, population std: 46599.87
2025-11-05 19:19:01,418 - INFO - Step 1620, current score: 4325.444099972103, improvements: 290
2025-11-05 19:19:01,419 - INFO - Seat deviation: 0, population std: 43254.44
2025-11-05 19:19:05,708 - INFO - Step 1650, current score: 4325.444099972103, improvements: 290
2025-11-05 19:19:05,708 - INFO - Seat deviation: 0, population std: 43254.44
2025-11-05 19:19:10,082 - INFO - Step 1680, current score: 3994.0069647799496, improvements: 291
2025-11-05 19:19:10,082 - INFO - Seat deviation: 0, population std: 39940.07
2025-11-05 19:19:14,392 - INFO - Step 1710, current score: 3994.0069647799496, improvements: 291
2025-11-05 19:19:14,393 - INFO - Seat deviation: 0, population std: 39940.07
2025-11-05 19:19:18,746 - INFO - Step 1740, current score: 3994.0069647799496, improvements: 291
2025-11-05 19:19:18,746 - INFO - Seat deviation: 0, population std: 39940.07
2025-11-05 19:19:22,989 - INFO - Step 1770, current score: 3948.356026843418, improvements: 292
2025-11-05 19:19:22,989 - INFO - Seat deviation: 0, population std: 39483.56
2025-11-05 19:19:27,179 - INFO - Step 1800, current score: 3948.356026843418, improvements: 292
2025-11-05 19:19:27,179 - INFO - Seat deviation: 0, population std: 39483.56
2025-11-05 19:19:31,524 - INFO - Step 1830, current score: 3948.356026843418, improvements: 292
2025-11-05 19:19:31,525 - INFO - Seat deviation: 0, population std: 39483.56
2025-11-05 19:19:35,912 - INFO - Step 1860, current score: 3348.226502355296, improvements: 294
2025-11-05 19:19:35,912 - INFO - Seat deviation: 0, population std: 33482.27
2025-11-05 19:19:40,145 - INFO - Step 1890, current score: 3348.226502355296, improvements: 294
2025-11-05 19:19:40,146 - INFO - Seat deviation: 0, population std: 33482.27
2025-11-05 19:19:44,349 - INFO - Step 1920, current score: 3213.2843223918, improvements: 296
2025-11-05 19:19:44,349 - INFO - Seat deviation: 0, population std: 32132.84
2025-11-05 19:19:48,590 - INFO - Step 1950, current score: 3145.3893261236462, improvements: 297
2025-11-05 19:19:48,591 - INFO - Seat deviation: 0, population std: 31453.89
2025-11-05 19:19:52,839 - INFO - Step 1980, current score: 3145.3893261236462, improvements: 297
2025-11-05 19:19:52,840 - INFO - Seat deviation: 0, population std: 31453.89
2025-11-05 19:19:57,135 - INFO - Step 2010, current score: 3145.3893261236462, improvements: 297
2025-11-05 19:19:57,136 - INFO - Seat deviation: 0, population std: 31453.89
2025-11-05 19:20:01,494 - INFO - Step 2040, current score: 3145.3893261236462, improvements: 297
2025-11-05 19:20:01,494 - INFO - Seat deviation: 0, population std: 31453.89
2025-11-05 19:20:05,721 - INFO - Step 2070, current score: 3145.3893261236462, improvements: 297
2025-11-05 19:20:05,721 - INFO - Seat deviation: 0, population std: 31453.89
2025-11-05 19:20:09,979 - INFO - Step 2100, current score: 3145.3893261236462, improvements: 297
2025-11-05 19:20:09,980 - INFO - Seat deviation: 0, population std: 31453.89
2025-11-05 19:20:14,289 - INFO - Step 2130, current score: 3145.3893261236462, improvements: 297
2025-11-05 19:20:14,289 - INFO - Seat deviation: 0, population std: 31453.89
2025-11-05 19:20:18,662 - INFO - Step 2160, current score: 3145.3893261236462, improvements: 297
2025-11-05 19:20:18,663 - INFO - Seat deviation: 0, population std: 31453.89
2025-11-05 19:20:22,930 - INFO - Step 2190, current score: 3145.3893261236462, improvements: 297
2025-11-05 19:20:22,931 - INFO - Seat deviation: 0, population std: 31453.89
2025-11-05 19:20:27,243 - INFO - Step 2220, current score: 3145.3893261236462, improvements: 297
2025-11-05 19:20:27,244 - INFO - Seat deviation: 0, population std: 31453.89
2025-11-05 19:20:31,625 - INFO - Step 2250, current score: 3145.3893261236462, improvements: 297
2025-11-05 19:20:31,625 - INFO - Seat deviation: 0, population std: 31453.89
2025-11-05 19:20:35,875 - INFO - Step 2280, current score: 3145.3893261236462, improvements: 297
2025-11-05 19:20:35,876 - INFO - Seat deviation: 0, population std: 31453.89
2025-11-05 19:20:40,155 - INFO - Step 2310, current score: 3145.3893261236462, improvements: 297
2025-11-05 19:20:40,155 - INFO - Seat deviation: 0, population std: 31453.89
2025-11-05 19:20:44,408 - INFO - Step 2340, current score: 3145.3893261236462, improvements: 297
2025-11-05 19:20:44,408 - INFO - Seat deviation: 0, population std: 31453.89
2025-11-05 19:20:48,650 - INFO - Step 2370, current score: 3145.3893261236462, improvements: 297
2025-11-05 19:20:48,651 - INFO - Seat deviation: 0, population std: 31453.89
2025-11-05 19:20:52,910 - INFO - Step 2400, current score: 3145.3893261236462, improvements: 297
2025-11-05 19:20:52,911 - INFO - Seat deviation: 0, population std: 31453.89
2025-11-05 19:20:57,245 - INFO - Step 2430, current score: 3145.3893261236462, improvements: 297
2025-11-05 19:20:57,245 - INFO - Seat deviation: 0, population std: 31453.89
2025-11-05 19:21:01,525 - INFO - Step 2460, current score: 3145.3893261236462, improvements: 297
2025-11-05 19:21:01,526 - INFO - Seat deviation: 0, population std: 31453.89
2025-11-05 19:21:05,826 - INFO - Step 2490, current score: 3145.3893261236462, improvements: 297
2025-11-05 19:21:05,826 - INFO - Seat deviation: 0, population std: 31453.89
2025-11-05 19:21:10,061 - INFO - Step 2520, current score: 3145.3893261236462, improvements: 297
2025-11-05 19:21:10,061 - INFO - Seat deviation: 0, population std: 31453.89
2025-11-05 19:21:14,246 - INFO - Step 2550, current score: 3145.3893261236462, improvements: 297
2025-11-05 19:21:14,247 - INFO - Seat deviation: 0, population std: 31453.89
2025-11-05 19:21:18,620 - INFO - Step 2580, current score: 3145.3893261236462, improvements: 297
2025-11-05 19:21:18,620 - INFO - Seat deviation: 0, population std: 31453.89
2025-11-05 19:21:22,877 - INFO - Step 2610, current score: 3145.3893261236462, improvements: 297
2025-11-05 19:21:22,877 - INFO - Seat deviation: 0, population std: 31453.89
2025-11-05 19:21:27,294 - INFO - Step 2640, current score: 3145.3893261236462, improvements: 297
2025-11-05 19:21:27,294 - INFO - Seat deviation: 0, population std: 31453.89
2025-11-05 19:21:31,604 - INFO - Step 2670, current score: 3145.3893261236462, improvements: 297
2025-11-05 19:21:31,604 - INFO - Seat deviation: 0, population std: 31453.89
2025-11-05 19:21:35,956 - INFO - Step 2700, current score: 3145.3893261236462, improvements: 297
2025-11-05 19:21:35,957 - INFO - Seat deviation: 0, population std: 31453.89
2025-11-05 19:21:40,184 - INFO - Step 2730, current score: 3145.3893261236462, improvements: 297
2025-11-05 19:21:40,184 - INFO - Seat deviation: 0, population std: 31453.89
2025-11-05 19:21:44,533 - INFO - Step 2760, current score: 3145.3893261236462, improvements: 297
2025-11-05 19:21:44,533 - INFO - Seat deviation: 0, population std: 31453.89
2025-11-05 19:21:48,727 - INFO - Step 2790, current score: 3145.3893261236462, improvements: 297
2025-11-05 19:21:48,727 - INFO - Seat deviation: 0, population std: 31453.89
2025-11-05 19:21:53,209 - INFO - Step 2820, current score: 3145.3893261236462, improvements: 297
2025-11-05 19:21:53,210 - INFO - Seat deviation: 0, population std: 31453.89
2025-11-05 19:21:57,484 - INFO - Step 2850, current score: 3145.3893261236462, improvements: 297
2025-11-05 19:21:57,484 - INFO - Seat deviation: 0, population std: 31453.89
2025-11-05 19:22:01,781 - INFO - Step 2880, current score: 3145.3893261236462, improvements: 297
2025-11-05 19:22:01,781 - INFO - Seat deviation: 0, population std: 31453.89
2025-11-05 19:22:06,152 - INFO - Step 2910, current score: 3145.3893261236462, improvements: 297
2025-11-05 19:22:06,152 - INFO - Seat deviation: 0, population std: 31453.89
2025-11-05 19:22:10,475 - INFO - Step 2940, current score: 3145.3893261236462, improvements: 297
2025-11-05 19:22:10,475 - INFO - Seat deviation: 0, population std: 31453.89
2025-11-05 19:22:14,661 - INFO - Step 2970, current score: 3145.3893261236462, improvements: 297
2025-11-05 19:22:14,661 - INFO - Seat deviation: 0, population std: 31453.89
2025-11-05 19:22:18,702 - INFO - Greedy optimization complete. Best score: 3145.3893261236462, Total improvements: 297
2025-11-05 19:22:18,704 - INFO - Results saved to results/data/greedy_maximize_left_20251105_191500_seed42.json
2025-11-05 19:22:18,712 - INFO - Full results saved to results/data/greedy_maximize_left_20251105_191500_seed42.pkl
2025-11-05 19:22:18,712 - INFO - Creating visualizations...
2025-11-05 19:22:19,919 - INFO - Simplified comparison plot saved to results/greedy_maximize_left_20251105_191500_seed42_comparison.png
2025-11-05 19:22:19,919 - INFO - Creating simplified animation with 100 frames
2025-11-05 19:22:19,963 - INFO - Animation.save using <class 'matplotlib.animation.PillowWriter'>
2025-11-05 19:23:01,680 - INFO - Simplified animation saved to results/gifs/greedy_maximize_left_20251105_191500_seed42.gif
2025-11-05 19:23:01,681 - INFO - ================================================================================
2025-11-05 19:23:01,681 - INFO - Experiment complete!
2025-11-05 19:23:01,681 - INFO - Results: results/data/greedy_maximize_left_20251105_191500_seed42.json
2025-11-05 19:23:01,682 - INFO - Comparison: results/greedy_maximize_left_20251105_191500_seed42_comparison.png
2025-11-05 19:23:01,682 - INFO - Animation: results/gifs/greedy_maximize_left_20251105_191500_seed42.gif
2025-11-05 19:23:01,682 - INFO - ================================================================================

[4/4] Starting experiment: greedy_maximize_right
--------------------------------------------------------------------------------
2025-11-05 19:23:01,684 - INFO - ================================================================================
2025-11-05 19:23:01,684 - INFO - Experiment: greedy_maximize_right
2025-11-05 19:23:01,684 - INFO - Algorithm: greedy
2025-11-05 19:23:01,684 - INFO - Objective: maximize_right - Maximize right coalition seats
2025-11-05 19:23:01,684 - INFO - Steps: 3000
2025-11-05 19:23:01,684 - INFO - Random seed: 42
2025-11-05 19:23:01,684 - INFO - ================================================================================
2025-11-05 19:23:01,685 - INFO - Building adjacency graph
2025-11-05 19:23:02,039 - INFO - Starting optimization...
2025-11-05 19:23:02,040 - INFO - Initializing the map
2025-11-05 19:23:02,040 - INFO - Selecting 11 random communes to start the districts
2025-11-05 19:23:02,040 - INFO - Assigning the remaining communes to districts
2025-11-05 19:23:02,264 - INFO - Assigned 50 communes
2025-11-05 19:23:02,791 - INFO - Assigned 100 communes
2025-11-05 19:23:03,623 - INFO - Assigned 150 communes
2025-11-05 19:23:04,849 - INFO - Assigned 200 communes
2025-11-05 19:23:06,403 - INFO - Assigned 250 communes
2025-11-05 19:23:08,344 - INFO - Assigned 300 communes
2025-11-05 19:23:09,185 - INFO - Finished assigning communes to districts, assigned 330 communes out of 330 communes
2025-11-05 19:23:09,186 - INFO - District 0 has 61 communes
2025-11-05 19:23:09,186 - INFO - District 1 has 14 communes
2025-11-05 19:23:09,186 - INFO - District 2 has 3 communes
2025-11-05 19:23:09,186 - INFO - District 3 has 4 communes
2025-11-05 19:23:09,186 - INFO - District 4 has 9 communes
2025-11-05 19:23:09,186 - INFO - District 5 has 60 communes
2025-11-05 19:23:09,186 - INFO - District 6 has 30 communes
2025-11-05 19:23:09,186 - INFO - District 7 has 14 communes
2025-11-05 19:23:09,187 - INFO - District 8 has 10 communes
2025-11-05 19:23:09,187 - INFO - District 9 has 30 communes
2025-11-05 19:23:09,187 - INFO - District 10 has 95 communes
2025-11-05 19:23:09,214 - INFO - ✓ All initial districts are contiguous
2025-11-05 19:23:09,214 - INFO - Finished initializing the map
2025-11-05 19:23:09,355 - INFO - Generated a map with 11 districts, starting greedy optimization
2025-11-05 19:23:09,355 - INFO - Step 0, current score: 112262.23565212342
2025-11-05 19:23:09,624 - INFO - Step 0, current score: 112262.23565212342, improvements: 0
2025-11-05 19:23:09,624 - INFO - Seat deviation: 1, population std: 1122622.36
2025-11-05 19:23:14,088 - INFO - Step 30, current score: 98312.6139624384, improvements: 17
2025-11-05 19:23:14,088 - INFO - Seat deviation: 1, population std: 983126.14
2025-11-05 19:23:18,769 - INFO - Step 60, current score: 92886.90776981623, improvements: 31
2025-11-05 19:23:18,769 - INFO - Seat deviation: 1, population std: 928869.08
2025-11-05 19:23:23,074 - INFO - Step 90, current score: 87184.94798575238, improvements: 41
2025-11-05 19:23:23,075 - INFO - Seat deviation: 1, population std: 871849.48
2025-11-05 19:23:27,360 - INFO - Step 120, current score: 76500.6084305584, improvements: 57
2025-11-05 19:23:27,360 - INFO - Seat deviation: 1, population std: 765006.08
2025-11-05 19:23:31,678 - INFO - Step 150, current score: 70287.34855772204, improvements: 68
2025-11-05 19:23:31,678 - INFO - Seat deviation: 1, population std: 702873.49
2025-11-05 19:23:36,100 - INFO - Step 180, current score: 60647.58804891646, improvements: 87
2025-11-05 19:23:36,100 - INFO - Seat deviation: 1, population std: 606475.88
2025-11-05 19:23:40,357 - INFO - Step 210, current score: 58612.42269248034, improvements: 94
2025-11-05 19:23:40,358 - INFO - Seat deviation: 1, population std: 586124.23
2025-11-05 19:23:44,609 - INFO - Step 240, current score: 53439.83953955039, improvements: 109
2025-11-05 19:23:44,609 - INFO - Seat deviation: 1, population std: 534398.40
2025-11-05 19:23:49,092 - INFO - Step 270, current score: 49040.905415471854, improvements: 119
2025-11-05 19:23:49,092 - INFO - Seat deviation: 1, population std: 490409.05
2025-11-05 19:23:53,603 - INFO - Step 300, current score: 43262.2051436479, improvements: 132
2025-11-05 19:23:53,603 - INFO - Seat deviation: 1, population std: 432622.05
2025-11-05 19:23:57,918 - INFO - Step 330, current score: 39654.617702862364, improvements: 141
2025-11-05 19:23:57,918 - INFO - Seat deviation: 1, population std: 396546.18
2025-11-05 19:24:02,177 - INFO - Step 360, current score: 35908.96322740937, improvements: 151
2025-11-05 19:24:02,177 - INFO - Seat deviation: 1, population std: 359089.63
2025-11-05 19:24:06,482 - INFO - Step 390, current score: 32746.90289544649, improvements: 161
2025-11-05 19:24:06,483 - INFO - Seat deviation: 1, population std: 327469.03
2025-11-05 19:24:10,877 - INFO - Step 420, current score: 29544.059588137818, improvements: 170
2025-11-05 19:24:10,878 - INFO - Seat deviation: 1, population std: 295440.60
2025-11-05 19:24:15,323 - INFO - Step 450, current score: 27832.897528189747, improvements: 174
2025-11-05 19:24:15,324 - INFO - Seat deviation: 1, population std: 278328.98
2025-11-05 19:24:19,517 - INFO - Step 480, current score: 26393.188816989437, improvements: 177
2025-11-05 19:24:19,518 - INFO - Seat deviation: 1, population std: 263931.89
2025-11-05 19:24:23,717 - INFO - Step 510, current score: 23884.5823301861, improvements: 186
2025-11-05 19:24:23,717 - INFO - Seat deviation: 1, population std: 238845.82
2025-11-05 19:24:28,571 - INFO - Step 540, current score: 22376.597997424615, improvements: 194
2025-11-05 19:24:28,571 - INFO - Seat deviation: 1, population std: 223765.98
2025-11-05 19:24:32,943 - INFO - Step 570, current score: 21786.06372457114, improvements: 198
2025-11-05 19:24:32,943 - INFO - Seat deviation: 1, population std: 217860.64
2025-11-05 19:24:37,177 - INFO - Step 600, current score: 19611.277186914256, improvements: 206
2025-11-05 19:24:37,178 - INFO - Seat deviation: 1, population std: 196112.77
2025-11-05 19:24:41,595 - INFO - Step 630, current score: 18868.909046465873, improvements: 215
2025-11-05 19:24:41,595 - INFO - Seat deviation: 1, population std: 188689.09
2025-11-05 19:24:45,877 - INFO - Step 660, current score: 17613.32801850457, improvements: 220
2025-11-05 19:24:45,877 - INFO - Seat deviation: 1, population std: 176133.28
2025-11-05 19:24:50,102 - INFO - Step 690, current score: 17084.87176986976, improvements: 225
2025-11-05 19:24:50,103 - INFO - Seat deviation: 1, population std: 170848.72
2025-11-05 19:24:54,412 - INFO - Step 720, current score: 15375.823456387092, improvements: 232
2025-11-05 19:24:54,412 - INFO - Seat deviation: 1, population std: 153758.23
2025-11-05 19:24:58,772 - INFO - Step 750, current score: 14025.45434079124, improvements: 237
2025-11-05 19:24:58,772 - INFO - Seat deviation: 1, population std: 140254.54
2025-11-05 19:25:03,005 - INFO - Step 780, current score: 12512.610931382998, improvements: 247
2025-11-05 19:25:03,006 - INFO - Seat deviation: 1, population std: 125126.11
2025-11-05 19:25:07,263 - INFO - Step 810, current score: 12232.471727859935, improvements: 251
2025-11-05 19:25:07,263 - INFO - Seat deviation: 1, population std: 122324.72
2025-11-05 19:25:11,518 - INFO - Step 840, current score: 12232.471727859935, improvements: 251
2025-11-05 19:25:11,518 - INFO - Seat deviation: 1, population std: 122324.72
2025-11-05 19:25:16,052 - INFO - Step 870, current score: 12221.206706309616, improvements: 252
2025-11-05 19:25:16,052 - INFO - Seat deviation: 1, population std: 122212.07
2025-11-05 19:25:20,376 - INFO - Step 900, current score: 12134.415006695244, improvements: 253
2025-11-05 19:25:20,377 - INFO - Seat deviation: 1, population std: 121344.15
2025-11-05 19:25:24,686 - INFO - Step 930, current score: 12134.415006695244, improvements: 253
2025-11-05 19:25:24,687 - INFO - Seat deviation: 1, population std: 121344.15
2025-11-05 19:25:28,939 - INFO - Step 960, current score: 10844.929405369037, improvements: 256
2025-11-05 19:25:28,939 - INFO - Seat deviation: 1, population std: 108449.29
2025-11-05 19:25:33,350 - INFO - Step 990, current score: 10703.251295673997, improvements: 257
2025-11-05 19:25:33,350 - INFO - Seat deviation: 1, population std: 107032.51
2025-11-05 19:25:37,616 - INFO - Step 1020, current score: 10703.251295673997, improvements: 257
2025-11-05 19:25:37,616 - INFO - Seat deviation: 1, population std: 107032.51
2025-11-05 19:25:41,971 - INFO - Step 1050, current score: 9956.230311453766, improvements: 260
2025-11-05 19:25:41,971 - INFO - Seat deviation: 1, population std: 99562.30
2025-11-05 19:25:46,328 - INFO - Step 1080, current score: 9956.230311453766, improvements: 260
2025-11-05 19:25:46,329 - INFO - Seat deviation: 1, population std: 99562.30
2025-11-05 19:25:50,557 - INFO - Step 1110, current score: 9956.230311453766, improvements: 260
2025-11-05 19:25:50,558 - INFO - Seat deviation: 1, population std: 99562.30
2025-11-05 19:25:55,399 - INFO - Step 1140, current score: 9956.230311453766, improvements: 260
2025-11-05 19:25:55,400 - INFO - Seat deviation: 1, population std: 99562.30
2025-11-05 19:25:59,662 - INFO - Step 1170, current score: 9956.230311453766, improvements: 260
2025-11-05 19:25:59,662 - INFO - Seat deviation: 1, population std: 99562.30
2025-11-05 19:26:03,900 - INFO - Step 1200, current score: 9956.230311453766, improvements: 260
2025-11-05 19:26:03,900 - INFO - Seat deviation: 1, population std: 99562.30
2025-11-05 19:26:08,253 - INFO - Step 1230, current score: 9322.764187347688, improvements: 262
2025-11-05 19:26:08,253 - INFO - Seat deviation: 1, population std: 93227.64
2025-11-05 19:26:12,541 - INFO - Step 1260, current score: 8745.39327158652, improvements: 264
2025-11-05 19:26:12,542 - INFO - Seat deviation: 1, population std: 87453.93
2025-11-05 19:26:16,803 - INFO - Step 1290, current score: 8745.39327158652, improvements: 264
2025-11-05 19:26:16,804 - INFO - Seat deviation: 1, population std: 87453.93
2025-11-05 19:26:21,094 - INFO - Step 1320, current score: 7847.836242741853, improvements: 268
2025-11-05 19:26:21,094 - INFO - Seat deviation: 1, population std: 78478.36
2025-11-05 19:26:25,353 - INFO - Step 1350, current score: 7692.608683321331, improvements: 270
2025-11-05 19:26:25,353 - INFO - Seat deviation: 1, population std: 76926.09
2025-11-05 19:26:29,690 - INFO - Step 1380, current score: 7290.224400597995, improvements: 273
2025-11-05 19:26:29,690 - INFO - Seat deviation: 1, population std: 72902.24
2025-11-05 19:26:34,115 - INFO - Step 1410, current score: 6617.755021990039, improvements: 278
2025-11-05 19:26:34,116 - INFO - Seat deviation: 1, population std: 66177.55
2025-11-05 19:26:38,918 - INFO - Step 1440, current score: 6617.755021990039, improvements: 278
2025-11-05 19:26:38,918 - INFO - Seat deviation: 1, population std: 66177.55
2025-11-05 19:26:43,466 - INFO - Step 1470, current score: 6617.755021990039, improvements: 278
2025-11-05 19:26:43,466 - INFO - Seat deviation: 1, population std: 66177.55
2025-11-05 19:26:47,691 - INFO - Step 1500, current score: 6617.755021990039, improvements: 278
2025-11-05 19:26:47,691 - INFO - Seat deviation: 1, population std: 66177.55
2025-11-05 19:26:51,974 - INFO - Step 1530, current score: 5667.889704465277, improvements: 283
2025-11-05 19:26:51,975 - INFO - Seat deviation: 1, population std: 56678.90
2025-11-05 19:26:56,223 - INFO - Step 1560, current score: 5296.114275767043, improvements: 286
2025-11-05 19:26:56,224 - INFO - Seat deviation: 1, population std: 52961.14
2025-11-05 19:27:00,557 - INFO - Step 1590, current score: 4659.986971517275, improvements: 288
2025-11-05 19:27:00,558 - INFO - Seat deviation: 1, population std: 46599.87
2025-11-05 19:27:04,831 - INFO - Step 1620, current score: 4325.444099972103, improvements: 290
2025-11-05 19:27:04,831 - INFO - Seat deviation: 1, population std: 43254.44
2025-11-05 19:27:09,121 - INFO - Step 1650, current score: 4325.444099972103, improvements: 290
2025-11-05 19:27:09,122 - INFO - Seat deviation: 1, population std: 43254.44
2025-11-05 19:27:13,541 - INFO - Step 1680, current score: 3994.0069647799496, improvements: 291
2025-11-05 19:27:13,541 - INFO - Seat deviation: 1, population std: 39940.07
2025-11-05 19:27:18,377 - INFO - Step 1710, current score: 3994.0069647799496, improvements: 291
2025-11-05 19:27:18,377 - INFO - Seat deviation: 1, population std: 39940.07
2025-11-05 19:27:22,685 - INFO - Step 1740, current score: 3994.0069647799496, improvements: 291
2025-11-05 19:27:22,686 - INFO - Seat deviation: 1, population std: 39940.07
2025-11-05 19:27:27,020 - INFO - Step 1770, current score: 3948.356026843418, improvements: 292
2025-11-05 19:27:27,021 - INFO - Seat deviation: 1, population std: 39483.56
2025-11-05 19:27:31,472 - INFO - Step 1800, current score: 3948.356026843418, improvements: 292
2025-11-05 19:27:31,472 - INFO - Seat deviation: 1, population std: 39483.56
2025-11-05 19:27:35,767 - INFO - Step 1830, current score: 3948.356026843418, improvements: 292
2025-11-05 19:27:35,767 - INFO - Seat deviation: 1, population std: 39483.56
2025-11-05 19:27:40,051 - INFO - Step 1860, current score: 3348.226502355296, improvements: 294
2025-11-05 19:27:40,052 - INFO - Seat deviation: 1, population std: 33482.27
2025-11-05 19:27:44,373 - INFO - Step 1890, current score: 3348.226502355296, improvements: 294
2025-11-05 19:27:44,374 - INFO - Seat deviation: 1, population std: 33482.27
2025-11-05 19:27:48,608 - INFO - Step 1920, current score: 3213.2843223918, improvements: 296
2025-11-05 19:27:48,608 - INFO - Seat deviation: 1, population std: 32132.84
2025-11-05 19:27:53,004 - INFO - Step 1950, current score: 3145.3893261236462, improvements: 297
2025-11-05 19:27:53,005 - INFO - Seat deviation: 1, population std: 31453.89
2025-11-05 19:27:57,408 - INFO - Step 1980, current score: 3145.3893261236462, improvements: 297
2025-11-05 19:27:57,408 - INFO - Seat deviation: 1, population std: 31453.89
2025-11-05 19:28:01,771 - INFO - Step 2010, current score: 3145.3893261236462, improvements: 297
2025-11-05 19:28:01,772 - INFO - Seat deviation: 1, population std: 31453.89
2025-11-05 19:28:06,054 - INFO - Step 2040, current score: 3145.3893261236462, improvements: 297
2025-11-05 19:28:06,054 - INFO - Seat deviation: 1, population std: 31453.89
2025-11-05 19:28:10,417 - INFO - Step 2070, current score: 3145.3893261236462, improvements: 297
2025-11-05 19:28:10,417 - INFO - Seat deviation: 1, population std: 31453.89
2025-11-05 19:28:14,970 - INFO - Step 2100, current score: 3145.3893261236462, improvements: 297
2025-11-05 19:28:14,971 - INFO - Seat deviation: 1, population std: 31453.89
