2025-11-05 13:29:38,130 - INFO - ================================================================================
2025-11-05 13:29:38,131 - INFO - Experiment: baseline_sa_long
2025-11-05 13:29:38,131 - INFO - Algorithm: simulated_annealing
2025-11-05 13:29:38,131 - INFO - Objective: neutral - Population balance + proportionality
2025-11-05 13:29:38,131 - INFO - Steps: 5000
2025-11-05 13:29:38,131 - INFO - Random seed: 42
2025-11-05 13:29:38,131 - INFO - ================================================================================
2025-11-05 13:29:38,133 - INFO - Building adjacency graph
2025-11-05 13:29:38,485 - INFO - Starting optimization...
2025-11-05 13:29:38,485 - INFO - Initializing the map
2025-11-05 13:29:38,485 - INFO - Selecting 11 random communes to start the districts
2025-11-05 13:29:38,486 - INFO - Assigning the remaining communes to districts
2025-11-05 13:29:38,702 - INFO - Assigned 50 communes
2025-11-05 13:29:39,250 - INFO - Assigned 100 communes
2025-11-05 13:29:40,079 - INFO - Assigned 150 communes
2025-11-05 13:29:41,195 - INFO - Assigned 200 communes
2025-11-05 13:29:42,730 - INFO - Assigned 250 communes
2025-11-05 13:29:44,696 - INFO - Assigned 300 communes
2025-11-05 13:29:45,534 - INFO - Finished assigning communes to districts, assigned 330 communes out of 330 communes
2025-11-05 13:29:45,534 - INFO - District 0 has 61 communes
2025-11-05 13:29:45,535 - INFO - District 1 has 14 communes
2025-11-05 13:29:45,535 - INFO - District 2 has 3 communes
2025-11-05 13:29:45,535 - INFO - District 3 has 4 communes
2025-11-05 13:29:45,535 - INFO - District 4 has 9 communes
2025-11-05 13:29:45,535 - INFO - District 5 has 60 communes
2025-11-05 13:29:45,535 - INFO - District 6 has 30 communes
2025-11-05 13:29:45,536 - INFO - District 7 has 14 communes
2025-11-05 13:29:45,536 - INFO - District 8 has 10 communes
2025-11-05 13:29:45,536 - INFO - District 9 has 30 communes
2025-11-05 13:29:45,536 - INFO - District 10 has 95 communes
2025-11-05 13:29:45,537 - INFO - Finished initializing the map
2025-11-05 13:29:45,540 - INFO - Generated a map with 11 districts, starting the simulation
2025-11-05 13:29:45,540 - INFO - Step 0, current temperature: 1000.0, current score: 1122622.3565212341
2025-11-05 13:29:45,598 - INFO - Step 50, current temperature: 801.6305895390458, current score: 1015586.6965624166
2025-11-05 13:29:45,598 - INFO - Seat deviation: 0, population std: 1015586.70
2025-11-05 13:29:45,661 - INFO - Step 100, current temperature: 649.102628368402, current score: 937946.4035255756
2025-11-05 13:29:45,662 - INFO - Seat deviation: 0, population std: 937946.40
2025-11-05 13:29:45,829 - INFO - Step 200, current temperature: 344.61218334751743, current score: 781877.941564712
2025-11-05 13:29:45,829 - INFO - Seat deviation: 0, population std: 781877.94
2025-11-05 13:29:45,907 - INFO - Step 250, current temperature: 254.9097606963091, current score: 720415.3398841395
2025-11-05 13:29:45,907 - INFO - Seat deviation: 0, population std: 720415.34
2025-11-05 13:29:46,016 - INFO - Step 300, current temperature: 184.8045639485462, current score: 634135.4795866275
2025-11-05 13:29:46,016 - INFO - Seat deviation: 0, population std: 634135.48
2025-11-05 13:29:46,180 - INFO - Step 400, current temperature: 102.13842899856093, current score: 511312.5536170418
2025-11-05 13:29:46,180 - INFO - Seat deviation: 0, population std: 511312.55
2025-11-05 13:29:46,374 - INFO - Step 500, current temperature: 47.10848717170972, current score: 416795.38775237533
2025-11-05 13:29:46,375 - INFO - Seat deviation: 0, population std: 416795.39
2025-11-05 13:29:46,475 - INFO - Step 550, current temperature: 32.15411438303832, current score: 375095.6211031312
2025-11-05 13:29:46,475 - INFO - Seat deviation: 0, population std: 375095.62
2025-11-05 13:29:46,566 - INFO - Step 600, current temperature: 22.16862476831553, current score: 342506.7093378917
2025-11-05 13:29:46,567 - INFO - Seat deviation: 0, population std: 342506.71
2025-11-05 13:29:46,663 - INFO - Step 650, current temperature: 15.284138081489733, current score: 315557.30884293956
2025-11-05 13:29:46,663 - INFO - Seat deviation: 0, population std: 315557.31
2025-11-05 13:29:46,766 - INFO - Step 700, current temperature: 10.122410163290047, current score: 271483.8534696747
2025-11-05 13:29:46,767 - INFO - Seat deviation: 0, population std: 271483.85
2025-11-05 13:29:46,876 - INFO - Step 750, current temperature: 6.703890462620752, current score: 227039.78849375554
2025-11-05 13:29:46,877 - INFO - Seat deviation: 0, population std: 227039.79
2025-11-05 13:29:46,988 - INFO - Step 800, current temperature: 4.484713392037912, current score: 190843.619236508
2025-11-05 13:29:46,988 - INFO - Seat deviation: 0, population std: 190843.62
2025-11-05 13:29:47,080 - INFO - Step 850, current temperature: 3.186627574103806, current score: 174549.25044347846
2025-11-05 13:29:47,080 - INFO - Seat deviation: 0, population std: 174549.25
2025-11-05 13:29:47,193 - INFO - Step 900, current temperature: 2.0684483339820052, current score: 155067.8285549385
2025-11-05 13:29:47,193 - INFO - Seat deviation: 0, population std: 155067.83
2025-11-05 13:29:47,282 - INFO - Step 950, current temperature: 1.4550452127653408, current score: 141687.29052394407
2025-11-05 13:29:47,283 - INFO - Seat deviation: 0, population std: 141687.29
2025-11-05 13:29:47,393 - INFO - Step 1000, current temperature: 0.9540138101018626, current score: 129009.98498501854
2025-11-05 13:29:47,393 - INFO - Seat deviation: 0, population std: 129009.98
2025-11-05 13:29:47,501 - INFO - Step 1050, current temperature: 0.6255079511483562, current score: 97902.2971390735
2025-11-05 13:29:47,501 - INFO - Seat deviation: 0, population std: 97902.30
2025-11-05 13:29:47,603 - INFO - Step 1100, current temperature: 0.42267389300912483, current score: 74234.45379225681
2025-11-05 13:29:47,603 - INFO - Seat deviation: 0, population std: 74234.45
2025-11-05 13:29:47,913 - INFO - Step 1250, current temperature: 0.13713465517678244, current score: 47976.583280692845
2025-11-05 13:29:47,914 - INFO - Seat deviation: 0, population std: 47976.58
2025-11-05 13:29:48,031 - INFO - Step 1300, current temperature: 0.08991360112691314, current score: 39241.41231378103
2025-11-05 13:29:48,032 - INFO - Seat deviation: 0, population std: 39241.41
2025-11-05 13:29:48,133 - INFO - Step 1350, current temperature: 0.06075723218707461, current score: 33362.82390514358
2025-11-05 13:29:48,133 - INFO - Seat deviation: 0, population std: 33362.82
2025-11-05 13:29:48,430 - INFO - Step 1500, current temperature: 0.018935664689280325, current score: 30131.066541455508
2025-11-05 13:29:48,431 - INFO - Seat deviation: 0, population std: 30131.07
2025-11-05 13:29:48,531 - INFO - Step 1550, current temperature: 0.012924624943244216, current score: 26546.893264872426
2025-11-05 13:29:48,532 - INFO - Seat deviation: 0, population std: 26546.89
2025-11-05 13:29:48,607 - INFO - Optimization complete. Best score: 26546.893264872426
2025-11-05 13:29:48,608 - INFO - Results saved to results/data/baseline_sa_long_simulated_annealing_neutral_5000s_20251105_132938_seed42.json
2025-11-05 13:29:48,615 - INFO - Full results saved to results/data/baseline_sa_long_simulated_annealing_neutral_5000s_20251105_132938_seed42.pkl
2025-11-05 13:29:48,615 - INFO - Creating visualizations...
2025-11-05 13:29:49,550 - INFO - Comparison plot saved to results/baseline_sa_long_simulated_annealing_neutral_5000s_20251105_132938_seed42_comparison.png
2025-11-05 13:29:49,550 - INFO - Creating animation with 24 frames
2025-11-05 13:29:49,692 - INFO - Animation.save using <class 'matplotlib.animation.PillowWriter'>
2025-11-05 13:29:59,831 - INFO - Animation saved to results/gifs/baseline_sa_long_simulated_annealing_neutral_5000s_20251105_132938_seed42.gif
2025-11-05 13:29:59,831 - INFO - ================================================================================
2025-11-05 13:29:59,831 - INFO - Experiment complete!
2025-11-05 13:29:59,831 - INFO - Results: results/data/baseline_sa_long_simulated_annealing_neutral_5000s_20251105_132938_seed42.json
2025-11-05 13:29:59,832 - INFO - Comparison: results/baseline_sa_long_simulated_annealing_neutral_5000s_20251105_132938_seed42_comparison.png
2025-11-05 13:29:59,832 - INFO - Animation: results/gifs/baseline_sa_long_simulated_annealing_neutral_5000s_20251105_132938_seed42.gif
2025-11-05 13:29:59,832 - INFO - ================================================================================
