2025-11-05 13:06:16,153 - INFO - ================================================================================
2025-11-05 13:06:16,153 - INFO - Starting experiment: maximize_right_extreme_11d_500s_20251105_130616_seed42
2025-11-05 13:06:16,153 - INFO - Goal: maximize_right (strength: extreme)
2025-11-05 13:06:16,153 - INFO - Districts: 11
2025-11-05 13:06:16,153 - INFO - Steps: 500
2025-11-05 13:06:16,154 - INFO - Initial temp: 1000.0
2025-11-05 13:06:16,154 - INFO - Cooling rate: 0.99
2025-11-05 13:06:16,154 - INFO - Random seed: 42
2025-11-05 13:06:16,154 - INFO - ================================================================================
2025-11-05 13:06:16,154 - INFO - Loading data...
2025-11-05 13:06:16,154 - INFO - Loading electoral data
2025-11-05 13:06:16,506 - INFO - Loading geographic data
2025-11-05 13:06:18,436 - INFO - Found 330 communes in Emilia-Romagna
2025-11-05 13:06:18,443 - INFO - Merged data: 330 communes with complete data
2025-11-05 13:06:18,457 - INFO - Added coalition columns
2025-11-05 13:06:18,458 - INFO - Loaded 330 communes
2025-11-05 13:06:18,458 - INFO - Objective weights: {'population_balance': 0.1, 'seat_deviation': 0.0, 'partisan_advantage': 50.0}
2025-11-05 13:06:18,459 - INFO - Building adjacency graph
2025-11-05 13:06:18,821 - INFO - Starting optimization...
2025-11-05 13:06:18,822 - INFO - Initializing the map
2025-11-05 13:06:18,822 - INFO - Selecting 11 random communes to start the districts
2025-11-05 13:06:18,822 - INFO - Assigning the remaining communes to districts
2025-11-05 13:06:19,086 - INFO - Assigned 50 communes
2025-11-05 13:06:19,666 - INFO - Assigned 100 communes
2025-11-05 13:06:20,478 - INFO - Assigned 150 communes
2025-11-05 13:06:21,624 - INFO - Assigned 200 communes
2025-11-05 13:06:23,203 - INFO - Assigned 250 communes
2025-11-05 13:06:25,231 - INFO - Assigned 300 communes
2025-11-05 13:06:26,035 - INFO - Finished assigning communes to districts, assigned 330 communes out of 330 communes
2025-11-05 13:06:26,035 - INFO - District 0 has 61 communes
2025-11-05 13:06:26,035 - INFO - District 1 has 14 communes
2025-11-05 13:06:26,035 - INFO - District 2 has 3 communes
2025-11-05 13:06:26,035 - INFO - District 3 has 4 communes
2025-11-05 13:06:26,035 - INFO - District 4 has 9 communes
2025-11-05 13:06:26,035 - INFO - District 5 has 60 communes
2025-11-05 13:06:26,035 - INFO - District 6 has 30 communes
2025-11-05 13:06:26,036 - INFO - District 7 has 14 communes
2025-11-05 13:06:26,036 - INFO - District 8 has 10 communes
2025-11-05 13:06:26,036 - INFO - District 9 has 30 communes
2025-11-05 13:06:26,036 - INFO - District 10 has 95 communes
2025-11-05 13:06:26,036 - INFO - Finished initializing the map
2025-11-05 13:06:26,177 - INFO - Generated a map with 11 districts, starting the simulation
2025-11-05 13:06:26,178 - INFO - Step 0, current temperature: 1000.0, current score: 112262.23565212342
2025-11-05 13:06:26,992 - INFO - Step 10, current temperature: 950.9900498999999, current score: 110221.98798331805
2025-11-05 13:06:26,993 - INFO - Seat deviation: 1, population std: 1102219.88
2025-11-05 13:06:27,734 - INFO - Step 20, current temperature: 913.5172474836407, current score: 106976.63623134208
2025-11-05 13:06:27,734 - INFO - Seat deviation: 1, population std: 1069766.36
2025-11-05 13:06:28,537 - INFO - Step 30, current temperature: 868.7458127689781, current score: 104487.04962435289
2025-11-05 13:06:28,537 - INFO - Seat deviation: 1, population std: 1044870.50
2025-11-05 13:06:28,819 - INFO - Step 35, current temperature: 860.0583546412884, current score: 105150.10718306119
2025-11-05 13:06:28,819 - INFO - Seat deviation: 1, population std: 1051501.07
2025-11-05 13:06:29,383 - INFO - Step 40, current temperature: 834.5137614500875, current score: 104776.57814334003
2025-11-05 13:06:29,383 - INFO - Seat deviation: 1, population std: 1047765.78
2025-11-05 13:06:30,104 - INFO - Step 50, current temperature: 801.6305895390458, current score: 102602.23435155336
2025-11-05 13:06:30,104 - INFO - Seat deviation: 1, population std: 1026022.34
2025-11-05 13:06:30,777 - INFO - Step 55, current temperature: 770.0431458051551, current score: 98977.94800184801
2025-11-05 13:06:30,777 - INFO - Seat deviation: 1, population std: 989779.48
2025-11-05 13:06:31,063 - INFO - Step 60, current temperature: 762.3427143471035, current score: 99814.72261029058
2025-11-05 13:06:31,063 - INFO - Seat deviation: 1, population std: 998147.23
2025-11-05 13:06:32,012 - INFO - Step 70, current temperature: 717.7305325982747, current score: 98203.38641975356
2025-11-05 13:06:32,013 - INFO - Seat deviation: 1, population std: 982033.86
2025-11-05 13:06:32,687 - INFO - Step 80, current temperature: 689.4490858690776, current score: 98338.08517921585
2025-11-05 13:06:32,687 - INFO - Seat deviation: 1, population std: 983380.85
2025-11-05 13:06:33,079 - INFO - Step 85, current temperature: 675.7290490602829, current score: 97494.21851820091
2025-11-05 13:06:33,079 - INFO - Seat deviation: 1, population std: 974942.19
2025-11-05 13:06:33,507 - INFO - Step 90, current temperature: 662.2820409839833, current score: 96604.96502340288
2025-11-05 13:06:33,507 - INFO - Seat deviation: 1, population std: 966049.65
2025-11-05 13:06:34,437 - INFO - Step 105, current temperature: 623.5253948911997, current score: 99987.14609089501
2025-11-05 13:06:34,437 - INFO - Seat deviation: 1, population std: 999871.46
2025-11-05 13:06:34,972 - INFO - Step 110, current temperature: 605.006067137536, current score: 99945.36603193032
2025-11-05 13:06:34,973 - INFO - Seat deviation: 1, population std: 999453.66
2025-11-05 13:06:36,578 - INFO - Step 130, current temperature: 541.6850759668533, current score: 97081.12142126849
2025-11-05 13:06:36,578 - INFO - Seat deviation: 1, population std: 970811.21
2025-11-05 13:06:37,238 - INFO - Step 135, current temperature: 520.3405226503062, current score: 96685.40564665564
2025-11-05 13:06:37,239 - INFO - Seat deviation: 1, population std: 966854.06
2025-11-05 13:06:37,804 - INFO - Step 140, current temperature: 504.88588878706946, current score: 97293.94128209527
2025-11-05 13:06:37,805 - INFO - Seat deviation: 1, population std: 972939.41
2025-11-05 13:06:39,299 - INFO - Step 155, current temperature: 456.60974774391434, current score: 96201.05263912932
2025-11-05 13:06:39,300 - INFO - Seat deviation: 1, population std: 962010.53
2025-11-05 13:06:40,009 - INFO - Step 160, current temperature: 438.6175018099106, current score: 95069.76235306071
2025-11-05 13:06:40,009 - INFO - Seat deviation: 1, population std: 950697.62
2025-11-05 13:06:40,859 - INFO - Step 170, current temperature: 417.1208799332202, current score: 92863.83145331265
2025-11-05 13:06:40,859 - INFO - Seat deviation: 1, population std: 928638.31
2025-11-05 13:06:41,550 - INFO - Step 175, current temperature: 400.68465295154033, current score: 90445.42268248234
2025-11-05 13:06:41,550 - INFO - Seat deviation: 1, population std: 904454.23
2025-11-05 13:06:43,464 - INFO - Step 195, current temperature: 351.60920655802204, current score: 88215.51886793133
2025-11-05 13:06:43,464 - INFO - Seat deviation: 1, population std: 882155.19
2025-11-05 13:06:43,878 - INFO - Step 200, current temperature: 344.61218334751743, current score: 88215.51886793133
2025-11-05 13:06:43,878 - INFO - Seat deviation: 1, population std: 882155.19
2025-11-05 13:06:44,527 - INFO - Step 210, current temperature: 331.0330883210137, current score: 86358.39106904848
2025-11-05 13:06:44,527 - INFO - Seat deviation: 1, population std: 863583.91
2025-11-05 13:06:45,221 - INFO - Step 215, current temperature: 317.9890638191433, current score: 84938.25297589143
2025-11-05 13:06:45,221 - INFO - Seat deviation: 1, population std: 849382.53
2025-11-05 13:06:45,639 - INFO - Step 220, current temperature: 311.6610814491424, current score: 84326.6512432683
2025-11-05 13:06:45,639 - INFO - Seat deviation: 1, population std: 843266.51
2025-11-05 13:06:46,457 - INFO - Step 230, current temperature: 296.3865873992079, current score: 83640.78016843101
2025-11-05 13:06:46,458 - INFO - Seat deviation: 1, population std: 836407.80
2025-11-05 13:06:47,134 - INFO - Step 235, current temperature: 284.70777327319536, current score: 83278.32604936174
2025-11-05 13:06:47,134 - INFO - Seat deviation: 1, population std: 832783.26
2025-11-05 13:06:47,877 - INFO - Step 240, current temperature: 273.48915102221605, current score: 82893.95022340392
2025-11-05 13:06:47,877 - INFO - Seat deviation: 1, population std: 828939.50
2025-11-05 13:06:48,744 - INFO - Step 250, current temperature: 260.08546137772584, current score: 81436.05918220404
2025-11-05 13:06:48,744 - INFO - Seat deviation: 1, population std: 814360.59
2025-11-05 13:06:49,502 - INFO - Step 255, current temperature: 249.83705645845254, current score: 80522.47203117324
2025-11-05 13:06:49,502 - INFO - Seat deviation: 1, population std: 805224.72
2025-11-05 13:06:50,185 - INFO - Step 260, current temperature: 239.99247958413423, current score: 79415.07009085058
2025-11-05 13:06:50,185 - INFO - Seat deviation: 1, population std: 794150.70
2025-11-05 13:06:50,749 - INFO - Step 265, current temperature: 232.86446294800587, current score: 79194.00970197511
2025-11-05 13:06:50,749 - INFO - Seat deviation: 1, population std: 791940.10
2025-11-05 13:06:52,694 - INFO - Step 290, current temperature: 204.3434617462393, current score: 77655.25082321561
2025-11-05 13:06:52,695 - INFO - Seat deviation: 1, population std: 776552.51
2025-11-05 13:06:53,246 - INFO - Step 295, current temperature: 198.27425658891426, current score: 75867.86429210738
2025-11-05 13:06:53,246 - INFO - Seat deviation: 1, population std: 758678.64
2025-11-05 13:06:54,065 - INFO - Step 300, current temperature: 188.556845167377, current score: 75251.25992868631
2025-11-05 13:06:54,065 - INFO - Seat deviation: 1, population std: 752512.60
2025-11-05 13:06:55,082 - INFO - Step 310, current temperature: 177.5225267587633, current score: 71472.03430104152
2025-11-05 13:06:55,082 - INFO - Seat deviation: 1, population std: 714720.34
2025-11-05 13:06:56,169 - INFO - Step 325, current temperature: 165.46259566473464, current score: 70155.25220694575
2025-11-05 13:06:56,169 - INFO - Seat deviation: 1, population std: 701552.52
2025-11-05 13:06:56,740 - INFO - Step 340, current temperature: 160.54819111089634, current score: 69868.69241189102
2025-11-05 13:06:56,740 - INFO - Seat deviation: 1, population std: 698686.92
2025-11-05 13:06:57,473 - INFO - Step 350, current temperature: 154.2219517938445, current score: 69227.25504787693
2025-11-05 13:06:57,473 - INFO - Seat deviation: 1, population std: 692272.55
2025-11-05 13:06:58,009 - INFO - Step 355, current temperature: 149.64140560361557, current score: 69044.24844287889
2025-11-05 13:06:58,010 - INFO - Seat deviation: 1, population std: 690442.48
2025-11-05 13:06:58,580 - INFO - Step 360, current temperature: 145.1969062157826, current score: 67232.76922862286
2025-11-05 13:06:58,580 - INFO - Seat deviation: 1, population std: 672327.69
2025-11-05 13:07:00,508 - INFO - Step 380, current temperature: 127.4133376787588, current score: 65893.10055942663
2025-11-05 13:07:00,509 - INFO - Seat deviation: 1, population std: 658931.01
2025-11-05 13:07:01,301 - INFO - Step 385, current temperature: 122.39274379499835, current score: 64521.335832731835
2025-11-05 13:07:01,302 - INFO - Seat deviation: 1, population std: 645213.36
2025-11-05 13:07:02,747 - INFO - Step 400, current temperature: 111.80788242357735, current score: 61895.19999267224
2025-11-05 13:07:02,748 - INFO - Seat deviation: 1, population std: 618952.00
2025-11-05 13:07:04,068 - INFO - Step 415, current temperature: 102.13842899856093, current score: 60436.33790916749
2025-11-05 13:07:04,069 - INFO - Seat deviation: 1, population std: 604363.38
2025-11-05 13:07:04,663 - INFO - Step 420, current temperature: 99.10481551887466, current score: 60166.33708484703
2025-11-05 13:07:04,663 - INFO - Seat deviation: 1, population std: 601663.37
2025-11-05 13:07:05,184 - INFO - Step 425, current temperature: 96.16130339314856, current score: 59522.67381906725
2025-11-05 13:07:05,185 - INFO - Seat deviation: 1, population std: 595226.74
2025-11-05 13:07:05,746 - INFO - Step 430, current temperature: 93.30521652106864, current score: 58868.53603820962
2025-11-05 13:07:05,746 - INFO - Seat deviation: 1, population std: 588685.36
2025-11-05 13:07:07,024 - INFO - Step 445, current temperature: 86.0968935072644, current score: 55958.75468467973
2025-11-05 13:07:07,025 - INFO - Seat deviation: 1, population std: 559587.55
2025-11-05 13:07:07,576 - INFO - Step 450, current temperature: 83.53972967320513, current score: 55443.19901734142
2025-11-05 13:07:07,576 - INFO - Seat deviation: 1, population std: 554431.99
2025-11-05 13:07:08,270 - INFO - Step 455, current temperature: 80.24793100055945, current score: 54171.92690128668
2025-11-05 13:07:08,271 - INFO - Seat deviation: 1, population std: 541719.27
2025-11-05 13:07:09,078 - INFO - Step 460, current temperature: 76.31498390659378, current score: 53976.45865046743
2025-11-05 13:07:09,078 - INFO - Seat deviation: 1, population std: 539764.59
2025-11-05 13:07:10,591 - INFO - Step 475, current temperature: 69.0179034997088, current score: 53757.36475697735
2025-11-05 13:07:10,591 - INFO - Seat deviation: 1, population std: 537573.65
2025-11-05 13:07:11,164 - INFO - Step 480, current temperature: 66.96800274786395, current score: 53761.64024990462
2025-11-05 13:07:11,165 - INFO - Seat deviation: 1, population std: 537616.40
2025-11-05 13:07:12,468 - INFO - Step 495, current temperature: 61.17642553970558, current score: 52590.400352865836
2025-11-05 13:07:12,469 - INFO - Seat deviation: 1, population std: 525904.00
2025-11-05 13:07:13,044 - INFO - Optimization complete. Best score: 52565.03991370363
2025-11-05 13:07:13,046 - INFO - Results saved to results/data/maximize_right_extreme_11d_500s_20251105_130616_seed42.json
2025-11-05 13:07:13,054 - INFO - Full results saved to results/data/maximize_right_extreme_11d_500s_20251105_130616_seed42.pkl
2025-11-05 13:07:13,054 - INFO - Creating visualizations...
2025-11-05 13:07:14,013 - INFO - Comparison plot saved to results/maximize_right_extreme_11d_500s_20251105_130616_seed42_comparison.png
2025-11-05 13:07:14,014 - INFO - Creating animation with 56 frames
2025-11-05 13:07:14,279 - INFO - Animation.save using <class 'matplotlib.animation.PillowWriter'>
2025-11-05 13:07:36,768 - INFO - Animation saved to results/gifs/maximize_right_extreme_11d_500s_20251105_130616_seed42.gif
2025-11-05 13:07:36,769 - INFO - ================================================================================
2025-11-05 13:07:36,769 - INFO - Experiment complete!
2025-11-05 13:07:36,769 - INFO - Results: results/data/maximize_right_extreme_11d_500s_20251105_130616_seed42.json
2025-11-05 13:07:36,769 - INFO - Comparison: results/maximize_right_extreme_11d_500s_20251105_130616_seed42_comparison.png
2025-11-05 13:07:36,769 - INFO - Animation: results/gifs/maximize_right_extreme_11d_500s_20251105_130616_seed42.gif
2025-11-05 13:07:36,769 - INFO - ================================================================================
