2025-11-05 13:29:59,833 - INFO - ================================================================================
2025-11-05 13:29:59,833 - INFO - Experiment: partisan_right_extreme
2025-11-05 13:29:59,833 - INFO - Algorithm: simulated_annealing
2025-11-05 13:29:59,834 - INFO - Objective: maximize_right_extreme - Extreme right partisan advantage
2025-11-05 13:29:59,834 - INFO - Steps: 3000
2025-11-05 13:29:59,834 - INFO - Random seed: 42
2025-11-05 13:29:59,834 - INFO - ================================================================================
2025-11-05 13:29:59,835 - INFO - Building adjacency graph
2025-11-05 13:30:00,220 - INFO - Starting optimization...
2025-11-05 13:30:00,220 - INFO - Initializing the map
2025-11-05 13:30:00,221 - INFO - Selecting 11 random communes to start the districts
2025-11-05 13:30:00,221 - INFO - Assigning the remaining communes to districts
2025-11-05 13:30:00,440 - INFO - Assigned 50 communes
2025-11-05 13:30:00,995 - INFO - Assigned 100 communes
2025-11-05 13:30:01,820 - INFO - Assigned 150 communes
2025-11-05 13:30:03,038 - INFO - Assigned 200 communes
2025-11-05 13:30:04,594 - INFO - Assigned 250 communes
2025-11-05 13:30:06,577 - INFO - Assigned 300 communes
2025-11-05 13:30:07,391 - INFO - Finished assigning communes to districts, assigned 330 communes out of 330 communes
2025-11-05 13:30:07,392 - INFO - District 0 has 61 communes
2025-11-05 13:30:07,392 - INFO - District 1 has 14 communes
2025-11-05 13:30:07,392 - INFO - District 2 has 3 communes
2025-11-05 13:30:07,393 - INFO - District 3 has 4 communes
2025-11-05 13:30:07,393 - INFO - District 4 has 9 communes
2025-11-05 13:30:07,393 - INFO - District 5 has 60 communes
2025-11-05 13:30:07,393 - INFO - District 6 has 30 communes
2025-11-05 13:30:07,393 - INFO - District 7 has 14 communes
2025-11-05 13:30:07,393 - INFO - District 8 has 10 communes
2025-11-05 13:30:07,393 - INFO - District 9 has 30 communes
2025-11-05 13:30:07,393 - INFO - District 10 has 95 communes
2025-11-05 13:30:07,393 - INFO - Finished initializing the map
2025-11-05 13:30:07,540 - INFO - Generated a map with 11 districts, starting the simulation
2025-11-05 13:30:07,541 - INFO - Step 0, current temperature: 1000.0, current score: 112262.23565212342
2025-11-05 13:30:09,648 - INFO - Step 30, current temperature: 868.7458127689781, current score: 104487.04962435289
2025-11-05 13:30:09,649 - INFO - Seat deviation: 1, population std: 1044870.50
2025-11-05 13:30:11,659 - INFO - Step 60, current temperature: 762.3427143471035, current score: 99814.72261029058
2025-11-05 13:30:11,659 - INFO - Seat deviation: 1, population std: 998147.23
2025-11-05 13:30:13,849 - INFO - Step 90, current temperature: 662.2820409839833, current score: 96604.96502340288
2025-11-05 13:30:13,850 - INFO - Seat deviation: 1, population std: 966049.65
2025-11-05 13:30:23,671 - INFO - Step 210, current temperature: 331.0330883210137, current score: 86358.39106904848
2025-11-05 13:30:23,671 - INFO - Seat deviation: 1, population std: 863583.91
2025-11-05 13:30:26,369 - INFO - Step 240, current temperature: 273.48915102221605, current score: 82893.95022340392
2025-11-05 13:30:26,369 - INFO - Seat deviation: 1, population std: 828939.50
2025-11-05 13:30:31,492 - INFO - Step 300, current temperature: 188.556845167377, current score: 75251.25992868631
2025-11-05 13:30:31,492 - INFO - Seat deviation: 1, population std: 752512.60
2025-11-05 13:30:35,254 - INFO - Step 360, current temperature: 145.1969062157826, current score: 67232.76922862286
2025-11-05 13:30:35,254 - INFO - Seat deviation: 1, population std: 672327.69
2025-11-05 13:30:40,581 - INFO - Step 420, current temperature: 99.10481551887466, current score: 60166.33708484703
2025-11-05 13:30:40,582 - INFO - Seat deviation: 1, population std: 601663.37
2025-11-05 13:30:42,939 - INFO - Step 450, current temperature: 83.53972967320513, current score: 55443.19901734142
2025-11-05 13:30:42,940 - INFO - Seat deviation: 1, population std: 554431.99
2025-11-05 13:30:46,020 - INFO - Step 480, current temperature: 66.96800274786395, current score: 53761.64024990462
2025-11-05 13:30:46,021 - INFO - Seat deviation: 1, population std: 537616.40
2025-11-05 13:30:49,187 - INFO - Step 510, current temperature: 53.68359952302262, current score: 50859.33001349884
2025-11-05 13:30:49,187 - INFO - Seat deviation: 1, population std: 508593.30
2025-11-05 13:30:57,619 - INFO - Step 600, current temperature: 29.07960468580264, current score: 42499.6241000936
2025-11-05 13:30:57,620 - INFO - Seat deviation: 1, population std: 424996.24
2025-11-05 13:31:03,038 - INFO - Step 660, current temperature: 19.649933621386364, current score: 35712.35932923174
2025-11-05 13:31:03,039 - INFO - Seat deviation: 1, population std: 357123.59
2025-11-05 13:31:05,464 - INFO - Step 690, current temperature: 16.563777796593605, current score: 31768.90679791659
2025-11-05 13:31:05,465 - INFO - Seat deviation: 1, population std: 317689.07
2025-11-05 13:31:08,834 - INFO - Step 720, current temperature: 13.013798143971552, current score: 27914.01038420055
2025-11-05 13:31:08,834 - INFO - Seat deviation: 1, population std: 279140.10
2025-11-05 13:31:11,842 - INFO - Step 750, current temperature: 10.537635028579857, current score: 24015.17111263745
2025-11-05 13:31:11,843 - INFO - Seat deviation: 1, population std: 240151.71
2025-11-05 13:31:15,185 - INFO - Step 780, current temperature: 8.362817674504694, current score: 21033.586745838445
2025-11-05 13:31:15,185 - INFO - Seat deviation: 1, population std: 210335.87
2025-11-05 13:31:24,744 - INFO - Step 870, current temperature: 4.222268634356518, current score: 15564.02743199207
2025-11-05 13:31:24,745 - INFO - Seat deviation: 1, population std: 155640.27
2025-11-05 13:31:28,412 - INFO - Step 900, current temperature: 3.251329021634329, current score: 13519.728484167861
2025-11-05 13:31:28,412 - INFO - Seat deviation: 1, population std: 135197.28
2025-11-05 13:31:32,283 - INFO - Step 930, current temperature: 2.4786269915882264, current score: 12539.782199289582
2025-11-05 13:31:32,283 - INFO - Seat deviation: 1, population std: 125397.82
2025-11-05 13:31:36,114 - INFO - Step 960, current temperature: 1.9086497258801656, current score: 11144.266438038148
2025-11-05 13:31:36,114 - INFO - Seat deviation: 1, population std: 111442.66
2025-11-05 13:31:43,077 - INFO - Step 1020, current temperature: 1.1664087517150468, current score: 9635.76939335845
2025-11-05 13:31:43,077 - INFO - Seat deviation: 1, population std: 96357.69
2025-11-05 13:31:47,027 - INFO - Step 1050, current temperature: 0.8803111816824589, current score: 9323.312765134984
2025-11-05 13:31:47,027 - INFO - Seat deviation: 1, population std: 93233.13
2025-11-05 13:31:50,688 - INFO - Step 1080, current temperature: 0.6778775916302141, current score: 8077.025502125363
2025-11-05 13:31:50,689 - INFO - Seat deviation: 1, population std: 80770.26
2025-11-05 13:31:54,215 - INFO - Step 1110, current temperature: 0.5379733392796987, current score: 7236.934821906919
2025-11-05 13:31:54,215 - INFO - Seat deviation: 1, population std: 72369.35
2025-11-05 13:31:58,064 - INFO - Step 1140, current temperature: 0.41012005571286086, current score: 5898.659647610389
2025-11-05 13:31:58,064 - INFO - Seat deviation: 1, population std: 58986.60
2025-11-05 13:32:01,670 - INFO - Step 1170, current temperature: 0.3190001392514312, current score: 5757.35300623013
2025-11-05 13:32:01,670 - INFO - Seat deviation: 1, population std: 57573.53
2025-11-05 13:32:05,517 - INFO - Step 1200, current temperature: 0.24318743203404006, current score: 5047.4510598898805
2025-11-05 13:32:05,518 - INFO - Seat deviation: 1, population std: 50474.51
2025-11-05 13:32:09,655 - INFO - Step 1230, current temperature: 0.18170286290799648, current score: 5047.4510598898805
2025-11-05 13:32:09,655 - INFO - Seat deviation: 1, population std: 50474.51
2025-11-05 13:32:13,101 - INFO - Step 1260, current temperature: 0.14275996750890363, current score: 5047.4510598898805
2025-11-05 13:32:13,102 - INFO - Seat deviation: 1, population std: 50474.51
2025-11-05 13:32:16,644 - INFO - Step 1290, current temperature: 0.11216338585409437, current score: 4754.037897521893
2025-11-05 13:32:16,644 - INFO - Seat deviation: 1, population std: 47540.38
2025-11-05 13:32:20,240 - INFO - Step 1320, current temperature: 0.08637064648724427, current score: 4265.6066621910795
2025-11-05 13:32:20,241 - INFO - Seat deviation: 1, population std: 42656.07
2025-11-05 13:32:23,609 - INFO - Step 1350, current temperature: 0.06785952895241562, current score: 4025.7553288094914
2025-11-05 13:32:23,609 - INFO - Seat deviation: 1, population std: 40257.55
2025-11-05 13:32:27,200 - INFO - Step 1380, current temperature: 0.05278259105795365, current score: 3137.5049195443967
2025-11-05 13:32:27,201 - INFO - Seat deviation: 1, population std: 31375.05
2025-11-05 13:32:30,646 - INFO - Step 1410, current temperature: 0.04147012800940076, current score: 3137.5049195443967
2025-11-05 13:32:30,646 - INFO - Seat deviation: 1, population std: 31375.05
2025-11-05 13:32:34,550 - INFO - Step 1440, current temperature: 0.03161444995100841, current score: 3137.5049195443967
2025-11-05 13:32:34,550 - INFO - Seat deviation: 1, population std: 31375.05
2025-11-05 13:32:38,412 - INFO - Step 1470, current temperature: 0.024101045588242408, current score: 2533.3842098487044
2025-11-05 13:32:38,413 - INFO - Seat deviation: 1, population std: 25333.84
2025-11-05 13:32:42,428 - INFO - Step 1500, current temperature: 0.01818952394722057, current score: 2533.3842098487044
2025-11-05 13:32:42,428 - INFO - Seat deviation: 1, population std: 25333.84
2025-11-05 13:32:45,766 - INFO - Step 1530, current temperature: 0.014435466017192563, current score: 2513.8480470787517
2025-11-05 13:32:45,766 - INFO - Seat deviation: 1, population std: 25138.48
2025-11-05 13:32:49,250 - INFO - Step 1560, current temperature: 0.011341630102073641, current score: 2060.9858788678202
2025-11-05 13:32:49,250 - INFO - Seat deviation: 1, population std: 20609.86
2025-11-05 13:32:51,010 - INFO - Optimization complete. Best score: 2060.9858788678202
2025-11-05 13:32:51,012 - INFO - Results saved to results/data/partisan_right_extreme_simulated_annealing_maximize_right_extreme_3000s_20251105_132959_seed42.json
2025-11-05 13:32:51,018 - INFO - Full results saved to results/data/partisan_right_extreme_simulated_annealing_maximize_right_extreme_3000s_20251105_132959_seed42.pkl
2025-11-05 13:32:51,019 - INFO - Creating visualizations...
2025-11-05 13:32:51,925 - INFO - Comparison plot saved to results/partisan_right_extreme_simulated_annealing_maximize_right_extreme_3000s_20251105_132959_seed42_comparison.png
2025-11-05 13:32:51,926 - INFO - Creating animation with 40 frames
2025-11-05 13:32:52,164 - INFO - Animation.save using <class 'matplotlib.animation.PillowWriter'>
2025-11-05 13:33:08,722 - INFO - Animation saved to results/gifs/partisan_right_extreme_simulated_annealing_maximize_right_extreme_3000s_20251105_132959_seed42.gif
2025-11-05 13:33:08,725 - INFO - ================================================================================
2025-11-05 13:33:08,725 - INFO - Experiment complete!
2025-11-05 13:33:08,725 - INFO - Results: results/data/partisan_right_extreme_simulated_annealing_maximize_right_extreme_3000s_20251105_132959_seed42.json
2025-11-05 13:33:08,725 - INFO - Comparison: results/partisan_right_extreme_simulated_annealing_maximize_right_extreme_3000s_20251105_132959_seed42_comparison.png
2025-11-05 13:33:08,725 - INFO - Animation: results/gifs/partisan_right_extreme_simulated_annealing_maximize_right_extreme_3000s_20251105_132959_seed42.gif
2025-11-05 13:33:08,725 - INFO - ================================================================================
