2025-11-05 17:51:34,455 - INFO - ================================================================================
2025-11-05 17:51:34,456 - INFO - Experiment: partisan_left_extreme
2025-11-05 17:51:34,456 - INFO - Algorithm: simulated_annealing
2025-11-05 17:51:34,456 - INFO - Objective: maximize_left_extreme - Extreme left partisan advantage
2025-11-05 17:51:34,456 - INFO - Steps: 3000
2025-11-05 17:51:34,456 - INFO - Random seed: 42
2025-11-05 17:51:34,456 - INFO - ================================================================================
2025-11-05 17:51:34,457 - INFO - Building adjacency graph
2025-11-05 17:51:34,829 - INFO - Starting optimization...
2025-11-05 17:51:34,830 - INFO - Initializing the map
2025-11-05 17:51:34,830 - INFO - Selecting 11 random communes to start the districts
2025-11-05 17:51:34,830 - INFO - Assigning the remaining communes to districts
2025-11-05 17:51:35,050 - INFO - Assigned 50 communes
2025-11-05 17:51:35,627 - INFO - Assigned 100 communes
2025-11-05 17:51:36,464 - INFO - Assigned 150 communes
2025-11-05 17:51:37,627 - INFO - Assigned 200 communes
2025-11-05 17:51:39,252 - INFO - Assigned 250 communes
2025-11-05 17:51:41,224 - INFO - Assigned 300 communes
2025-11-05 17:51:42,004 - INFO - Finished assigning communes to districts, assigned 330 communes out of 330 communes
2025-11-05 17:51:42,005 - INFO - District 0 has 61 communes
2025-11-05 17:51:42,005 - INFO - District 1 has 14 communes
2025-11-05 17:51:42,005 - INFO - District 2 has 3 communes
2025-11-05 17:51:42,005 - INFO - District 3 has 4 communes
2025-11-05 17:51:42,005 - INFO - District 4 has 9 communes
2025-11-05 17:51:42,005 - INFO - District 5 has 60 communes
2025-11-05 17:51:42,005 - INFO - District 6 has 30 communes
2025-11-05 17:51:42,005 - INFO - District 7 has 14 communes
2025-11-05 17:51:42,005 - INFO - District 8 has 10 communes
2025-11-05 17:51:42,005 - INFO - District 9 has 30 communes
2025-11-05 17:51:42,005 - INFO - District 10 has 95 communes
2025-11-05 17:51:42,005 - INFO - Finished initializing the map
2025-11-05 17:51:42,145 - INFO - Generated a map with 11 districts, starting the simulation
2025-11-05 17:51:42,145 - INFO - Step 0, current temperature: 1000.0, current score: 112262.23565212342
2025-11-05 17:51:44,204 - INFO - Step 30, current temperature: 868.7458127689781, current score: 104487.04962435289
2025-11-05 17:51:44,204 - INFO - Seat deviation: 0, population std: 1044870.50
2025-11-05 17:51:46,161 - INFO - Step 60, current temperature: 762.3427143471035, current score: 99814.72261029058
2025-11-05 17:51:46,162 - INFO - Seat deviation: 0, population std: 998147.23
2025-11-05 17:51:48,261 - INFO - Step 90, current temperature: 662.2820409839833, current score: 96604.96502340288
2025-11-05 17:51:48,261 - INFO - Seat deviation: 0, population std: 966049.65
2025-11-05 17:51:57,915 - INFO - Step 210, current temperature: 331.0330883210137, current score: 86358.39106904848
2025-11-05 17:51:57,915 - INFO - Seat deviation: 0, population std: 863583.91
2025-11-05 17:52:00,690 - INFO - Step 240, current temperature: 273.48915102221605, current score: 82893.95022340392
2025-11-05 17:52:00,690 - INFO - Seat deviation: 0, population std: 828939.50
2025-11-05 17:52:05,906 - INFO - Step 300, current temperature: 188.556845167377, current score: 75251.25992868631
2025-11-05 17:52:05,906 - INFO - Seat deviation: 0, population std: 752512.60
2025-11-05 17:52:09,628 - INFO - Step 360, current temperature: 145.1969062157826, current score: 67232.76922862286
2025-11-05 17:52:09,629 - INFO - Seat deviation: 0, population std: 672327.69
2025-11-05 17:52:14,878 - INFO - Step 420, current temperature: 99.10481551887466, current score: 60166.33708484703
2025-11-05 17:52:14,878 - INFO - Seat deviation: 0, population std: 601663.37
2025-11-05 17:52:17,366 - INFO - Step 450, current temperature: 83.53972967320513, current score: 55443.19901734142
2025-11-05 17:52:17,366 - INFO - Seat deviation: 0, population std: 554431.99
2025-11-05 17:52:20,530 - INFO - Step 480, current temperature: 66.96800274786395, current score: 53761.64024990462
2025-11-05 17:52:20,531 - INFO - Seat deviation: 0, population std: 537616.40
2025-11-05 17:52:23,686 - INFO - Step 510, current temperature: 53.68359952302262, current score: 50859.33001349884
2025-11-05 17:52:23,686 - INFO - Seat deviation: 0, population std: 508593.30
2025-11-05 17:52:31,982 - INFO - Step 600, current temperature: 29.07960468580264, current score: 42499.6241000936
2025-11-05 17:52:31,982 - INFO - Seat deviation: 0, population std: 424996.24
2025-11-05 17:52:37,502 - INFO - Step 660, current temperature: 19.649933621386364, current score: 35712.35932923174
2025-11-05 17:52:37,502 - INFO - Seat deviation: 0, population std: 357123.59
2025-11-05 17:52:39,940 - INFO - Step 690, current temperature: 16.563777796593605, current score: 31768.90679791659
2025-11-05 17:52:39,941 - INFO - Seat deviation: 0, population std: 317689.07
2025-11-05 17:52:43,315 - INFO - Step 720, current temperature: 13.013798143971552, current score: 27914.01038420055
2025-11-05 17:52:43,316 - INFO - Seat deviation: 0, population std: 279140.10
2025-11-05 17:52:46,290 - INFO - Step 750, current temperature: 10.537635028579857, current score: 24015.17111263745
2025-11-05 17:52:46,291 - INFO - Seat deviation: 0, population std: 240151.71
2025-11-05 17:52:49,564 - INFO - Step 780, current temperature: 8.362817674504694, current score: 21033.586745838445
2025-11-05 17:52:49,564 - INFO - Seat deviation: 0, population std: 210335.87
2025-11-05 17:52:58,886 - INFO - Step 870, current temperature: 4.222268634356518, current score: 15564.02743199207
2025-11-05 17:52:58,887 - INFO - Seat deviation: 0, population std: 155640.27
2025-11-05 17:53:02,815 - INFO - Step 900, current temperature: 3.251329021634329, current score: 13519.728484167861
2025-11-05 17:53:02,815 - INFO - Seat deviation: 0, population std: 135197.28
2025-11-05 17:53:06,645 - INFO - Step 930, current temperature: 2.4786269915882264, current score: 12539.782199289582
2025-11-05 17:53:06,646 - INFO - Seat deviation: 0, population std: 125397.82
2025-11-05 17:53:10,406 - INFO - Step 960, current temperature: 1.9086497258801656, current score: 11144.266438038148
2025-11-05 17:53:10,407 - INFO - Seat deviation: 0, population std: 111442.66
2025-11-05 17:53:17,146 - INFO - Step 1020, current temperature: 1.1664087517150468, current score: 9635.76939335845
2025-11-05 17:53:17,146 - INFO - Seat deviation: 0, population std: 96357.69
2025-11-05 17:53:20,920 - INFO - Step 1050, current temperature: 0.8803111816824589, current score: 9323.312765134984
2025-11-05 17:53:20,920 - INFO - Seat deviation: 0, population std: 93233.13
2025-11-05 17:53:24,723 - INFO - Step 1080, current temperature: 0.6778775916302141, current score: 8077.025502125363
2025-11-05 17:53:24,723 - INFO - Seat deviation: 0, population std: 80770.26
2025-11-05 17:53:27,965 - INFO - Step 1110, current temperature: 0.5379733392796987, current score: 7236.934821906919
2025-11-05 17:53:27,965 - INFO - Seat deviation: 0, population std: 72369.35
2025-11-05 17:53:31,776 - INFO - Step 1140, current temperature: 0.41012005571286086, current score: 5898.659647610389
2025-11-05 17:53:31,777 - INFO - Seat deviation: 0, population std: 58986.60
2025-11-05 17:53:35,486 - INFO - Step 1170, current temperature: 0.3190001392514312, current score: 5757.35300623013
2025-11-05 17:53:35,487 - INFO - Seat deviation: 0, population std: 57573.53
2025-11-05 17:53:39,398 - INFO - Step 1200, current temperature: 0.24318743203404006, current score: 5047.4510598898805
2025-11-05 17:53:39,399 - INFO - Seat deviation: 0, population std: 50474.51
2025-11-05 17:53:43,466 - INFO - Step 1230, current temperature: 0.18170286290799648, current score: 5047.4510598898805
2025-11-05 17:53:43,466 - INFO - Seat deviation: 0, population std: 50474.51
2025-11-05 17:53:46,893 - INFO - Step 1260, current temperature: 0.14275996750890363, current score: 5047.4510598898805
2025-11-05 17:53:46,893 - INFO - Seat deviation: 0, population std: 50474.51
2025-11-05 17:53:50,339 - INFO - Step 1290, current temperature: 0.11216338585409437, current score: 4754.037897521893
2025-11-05 17:53:50,340 - INFO - Seat deviation: 0, population std: 47540.38
2025-11-05 17:53:54,076 - INFO - Step 1320, current temperature: 0.08637064648724427, current score: 4265.6066621910795
2025-11-05 17:53:54,076 - INFO - Seat deviation: 0, population std: 42656.07
2025-11-05 17:53:57,396 - INFO - Step 1350, current temperature: 0.06785952895241562, current score: 4025.7553288094914
2025-11-05 17:53:57,396 - INFO - Seat deviation: 0, population std: 40257.55
2025-11-05 17:54:00,889 - INFO - Step 1380, current temperature: 0.05278259105795365, current score: 3137.5049195443967
2025-11-05 17:54:00,889 - INFO - Seat deviation: 0, population std: 31375.05
2025-11-05 17:54:04,405 - INFO - Step 1410, current temperature: 0.04147012800940076, current score: 3137.5049195443967
2025-11-05 17:54:04,406 - INFO - Seat deviation: 0, population std: 31375.05
2025-11-05 17:54:08,215 - INFO - Step 1440, current temperature: 0.03161444995100841, current score: 3137.5049195443967
2025-11-05 17:54:08,215 - INFO - Seat deviation: 0, population std: 31375.05
2025-11-05 17:54:12,029 - INFO - Step 1470, current temperature: 0.024101045588242408, current score: 2533.3842098487044
2025-11-05 17:54:12,029 - INFO - Seat deviation: 0, population std: 25333.84
