2025-11-05 17:40:28,545 - INFO - ================================================================================
2025-11-05 17:40:28,545 - INFO - Experiment: baseline_sa_short
2025-11-05 17:40:28,546 - INFO - Algorithm: simulated_annealing
2025-11-05 17:40:28,546 - INFO - Objective: neutral - Population balance + proportionality
2025-11-05 17:40:28,546 - INFO - Steps: 1000
2025-11-05 17:40:28,546 - INFO - Random seed: 42
2025-11-05 17:40:28,546 - INFO - ================================================================================
2025-11-05 17:40:28,547 - INFO - Building adjacency graph
2025-11-05 17:40:28,899 - INFO - Starting optimization...
2025-11-05 17:40:28,899 - INFO - Initializing the map
2025-11-05 17:40:28,899 - INFO - Selecting 11 random communes to start the districts
2025-11-05 17:40:28,899 - INFO - Assigning the remaining communes to districts
2025-11-05 17:40:29,146 - INFO - Assigned 50 communes
2025-11-05 17:40:29,705 - INFO - Assigned 100 communes
2025-11-05 17:40:30,530 - INFO - Assigned 150 communes
2025-11-05 17:40:31,678 - INFO - Assigned 200 communes
2025-11-05 17:40:33,256 - INFO - Assigned 250 communes
2025-11-05 17:40:35,204 - INFO - Assigned 300 communes
2025-11-05 17:40:36,022 - INFO - Finished assigning communes to districts, assigned 330 communes out of 330 communes
2025-11-05 17:40:36,022 - INFO - District 0 has 61 communes
2025-11-05 17:40:36,022 - INFO - District 1 has 14 communes
2025-11-05 17:40:36,022 - INFO - District 2 has 3 communes
2025-11-05 17:40:36,022 - INFO - District 3 has 4 communes
2025-11-05 17:40:36,022 - INFO - District 4 has 9 communes
2025-11-05 17:40:36,022 - INFO - District 5 has 60 communes
2025-11-05 17:40:36,022 - INFO - District 6 has 30 communes
2025-11-05 17:40:36,022 - INFO - District 7 has 14 communes
2025-11-05 17:40:36,023 - INFO - District 8 has 10 communes
2025-11-05 17:40:36,023 - INFO - District 9 has 30 communes
2025-11-05 17:40:36,023 - INFO - District 10 has 95 communes
2025-11-05 17:40:36,023 - INFO - Finished initializing the map
2025-11-05 17:40:36,026 - INFO - Generated a map with 11 districts, starting the simulation
2025-11-05 17:40:36,026 - INFO - Step 0, current temperature: 1000.0, current score: 1122622.3565212341
2025-11-05 17:40:36,043 - INFO - Step 10, current temperature: 950.9900498999999, current score: 1099074.4128381258
2025-11-05 17:40:36,043 - INFO - Seat deviation: 0, population std: 1099074.41
2025-11-05 17:40:36,057 - INFO - Step 20, current temperature: 913.5172474836407, current score: 1066308.63116293
2025-11-05 17:40:36,057 - INFO - Seat deviation: 0, population std: 1066308.63
2025-11-05 17:40:36,074 - INFO - Step 30, current temperature: 868.7458127689781, current score: 1041219.2853413462
2025-11-05 17:40:36,074 - INFO - Seat deviation: 0, population std: 1041219.29
2025-11-05 17:40:36,087 - INFO - Step 40, current temperature: 834.5137614500875, current score: 1037774.3746259098
2025-11-05 17:40:36,087 - INFO - Seat deviation: 0, population std: 1037774.37
2025-11-05 17:40:36,100 - INFO - Step 50, current temperature: 801.6305895390458, current score: 1015586.6965624166
2025-11-05 17:40:36,101 - INFO - Seat deviation: 0, population std: 1015586.70
2025-11-05 17:40:36,113 - INFO - Step 60, current temperature: 770.0431458051551, current score: 982839.9563619049
2025-11-05 17:40:36,114 - INFO - Seat deviation: 0, population std: 982839.96
2025-11-05 17:40:36,126 - INFO - Step 70, current temperature: 739.7003733882801, current score: 962656.9219567733
2025-11-05 17:40:36,126 - INFO - Seat deviation: 0, population std: 962656.92
2025-11-05 17:40:36,152 - INFO - Step 90, current temperature: 675.7290490602829, current score: 943048.0413301126
2025-11-05 17:40:36,152 - INFO - Seat deviation: 0, population std: 943048.04
2025-11-05 17:40:36,166 - INFO - Step 100, current temperature: 649.102628368402, current score: 937946.4035255756
2025-11-05 17:40:36,166 - INFO - Seat deviation: 0, population std: 937946.40
2025-11-05 17:40:36,181 - INFO - Step 110, current temperature: 617.2901409422876, current score: 929651.4837713101
2025-11-05 17:40:36,181 - INFO - Seat deviation: 0, population std: 929651.48
2025-11-05 17:40:36,201 - INFO - Step 120, current temperature: 575.3547499769281, current score: 918024.243648093
2025-11-05 17:40:36,201 - INFO - Seat deviation: 0, population std: 918024.24
2025-11-05 17:40:36,229 - INFO - Step 140, current temperature: 515.1371174238031, current score: 879987.3789507223
2025-11-05 17:40:36,230 - INFO - Seat deviation: 0, population std: 879987.38
2025-11-05 17:40:36,266 - INFO - Step 160, current temperature: 452.0436502664752, current score: 854361.0663155448
2025-11-05 17:40:36,266 - INFO - Seat deviation: 0, population std: 854361.07
2025-11-05 17:40:36,294 - INFO - Step 170, current temperature: 412.949671133888, current score: 842338.7398991724
2025-11-05 17:40:36,294 - INFO - Seat deviation: 0, population std: 842338.74
2025-11-05 17:40:36,316 - INFO - Step 180, current temperature: 381.0471181045495, current score: 827026.5050400402
2025-11-05 17:40:36,316 - INFO - Seat deviation: 0, population std: 827026.51
2025-11-05 17:40:36,346 - INFO - Step 200, current temperature: 344.61218334751743, current score: 781877.941564712
2025-11-05 17:40:36,347 - INFO - Seat deviation: 0, population std: 781877.94
2025-11-05 17:40:36,391 - INFO - Step 230, current temperature: 296.3865873992079, current score: 755251.8943101749
2025-11-05 17:40:36,392 - INFO - Seat deviation: 0, population std: 755251.89
2025-11-05 17:40:36,415 - INFO - Step 240, current temperature: 273.48915102221605, current score: 732197.6262536441
2025-11-05 17:40:36,416 - INFO - Seat deviation: 0, population std: 732197.63
2025-11-05 17:40:36,436 - INFO - Step 250, current temperature: 254.9097606963091, current score: 720415.3398841395
2025-11-05 17:40:36,436 - INFO - Seat deviation: 0, population std: 720415.34
2025-11-05 17:40:36,461 - INFO - Step 260, current temperature: 237.5925547882929, current score: 696195.7796276053
2025-11-05 17:40:36,461 - INFO - Seat deviation: 0, population std: 696195.78
2025-11-05 17:40:36,482 - INFO - Step 270, current temperature: 221.45178723886076, current score: 690185.3682706738
2025-11-05 17:40:36,482 - INFO - Seat deviation: 0, population std: 690185.37
2025-11-05 17:40:36,508 - INFO - Step 290, current temperature: 200.27702685748915, current score: 646949.1795395722
2025-11-05 17:40:36,508 - INFO - Seat deviation: 0, population std: 646949.18
2025-11-05 17:40:36,533 - INFO - Step 300, current temperature: 184.8045639485462, current score: 634135.4795866275
2025-11-05 17:40:36,533 - INFO - Seat deviation: 0, population std: 634135.48
2025-11-05 17:40:36,578 - INFO - Step 330, current temperature: 160.54819111089634, current score: 600167.7131432954
2025-11-05 17:40:36,578 - INFO - Seat deviation: 0, population std: 600167.71
2025-11-05 17:40:36,598 - INFO - Step 340, current temperature: 151.15293495314702, current score: 578418.8062314349
2025-11-05 17:40:36,599 - INFO - Seat deviation: 0, population std: 578418.81
2025-11-05 17:40:36,629 - INFO - Step 360, current temperature: 135.33300490703203, current score: 561989.7225870515
2025-11-05 17:40:36,629 - INFO - Seat deviation: 0, population std: 561989.72
2025-11-05 17:40:36,672 - INFO - Step 380, current temperature: 116.3942815290034, current score: 521484.18963937415
2025-11-05 17:40:36,673 - INFO - Seat deviation: 0, population std: 521484.19
2025-11-05 17:40:36,700 - INFO - Step 390, current temperature: 106.32818368521116, current score: 517956.28800228646
2025-11-05 17:40:36,701 - INFO - Seat deviation: 0, population std: 517956.29
2025-11-05 17:40:36,714 - INFO - Step 400, current temperature: 102.13842899856093, current score: 511312.5536170418
2025-11-05 17:40:36,714 - INFO - Seat deviation: 0, population std: 511312.55
2025-11-05 17:40:36,738 - INFO - Step 410, current temperature: 94.2476934556249, current score: 502964.0586562986
2025-11-05 17:40:36,739 - INFO - Seat deviation: 0, population std: 502964.06
2025-11-05 17:40:36,765 - INFO - Step 420, current temperature: 86.0968935072644, current score: 489893.62988270517
2025-11-05 17:40:36,766 - INFO - Seat deviation: 0, population std: 489893.63
2025-11-05 17:40:36,784 - INFO - Step 430, current temperature: 81.05851616218126, current score: 483566.9113027954
2025-11-05 17:40:36,784 - INFO - Seat deviation: 0, population std: 483566.91
2025-11-05 17:40:36,808 - INFO - Step 440, current temperature: 74.04835256958404, current score: 463059.50982668047
2025-11-05 17:40:36,808 - INFO - Seat deviation: 0, population std: 463059.51
2025-11-05 17:40:36,880 - INFO - Step 480, current temperature: 55.88571986991975, current score: 449793.5173725608
2025-11-05 17:40:36,880 - INFO - Seat deviation: 0, population std: 449793.52
2025-11-05 17:40:36,902 - INFO - Step 490, current temperature: 52.08914293358932, current score: 437844.61925895186
2025-11-05 17:40:36,902 - INFO - Seat deviation: 0, population std: 437844.62
2025-11-05 17:40:36,929 - INFO - Step 500, current temperature: 47.10848717170972, current score: 416795.38775237533
2025-11-05 17:40:36,930 - INFO - Seat deviation: 0, population std: 416795.39
2025-11-05 17:40:36,959 - INFO - Step 510, current temperature: 42.604071378876476, current score: 409305.2535220428
2025-11-05 17:40:36,960 - INFO - Seat deviation: 0, population std: 409305.25
2025-11-05 17:40:36,981 - INFO - Step 520, current temperature: 39.70977861200673, current score: 402910.7116611437
2025-11-05 17:40:36,981 - INFO - Seat deviation: 0, population std: 402910.71
2025-11-05 17:40:37,006 - INFO - Step 530, current temperature: 36.275567655825135, current score: 395977.87998369324
2025-11-05 17:40:37,006 - INFO - Seat deviation: 0, population std: 395977.88
2025-11-05 17:40:37,028 - INFO - Step 540, current temperature: 33.8111995876502, current score: 381986.30520170863
2025-11-05 17:40:37,029 - INFO - Seat deviation: 0, population std: 381986.31
2025-11-05 17:40:37,045 - INFO - Step 550, current temperature: 32.15411438303832, current score: 375095.6211031312
2025-11-05 17:40:37,046 - INFO - Seat deviation: 0, population std: 375095.62
2025-11-05 17:40:37,065 - INFO - Step 560, current temperature: 29.96973580906776, current score: 361873.67032183806
2025-11-05 17:40:37,066 - INFO - Seat deviation: 0, population std: 361873.67
2025-11-05 17:40:37,089 - INFO - Step 570, current temperature: 27.654414711223723, current score: 354859.7090815906
2025-11-05 17:40:37,089 - INFO - Seat deviation: 0, population std: 354859.71
2025-11-05 17:40:37,125 - INFO - Step 590, current temperature: 24.02465698495244, current score: 349013.5848590974
2025-11-05 17:40:37,125 - INFO - Seat deviation: 0, population std: 349013.58
2025-11-05 17:40:37,150 - INFO - Step 600, current temperature: 22.16862476831553, current score: 342506.7093378917
2025-11-05 17:40:37,150 - INFO - Seat deviation: 0, population std: 342506.71
2025-11-05 17:40:37,173 - INFO - Step 610, current temperature: 20.662606957299527, current score: 337336.4862534658
2025-11-05 17:40:37,173 - INFO - Seat deviation: 0, population std: 337336.49
2025-11-05 17:40:37,190 - INFO - Step 620, current temperature: 19.4534342851725, current score: 336129.0678826407
2025-11-05 17:40:37,190 - INFO - Seat deviation: 0, population std: 336129.07
2025-11-05 17:40:37,211 - INFO - Step 630, current temperature: 17.95055327504512, current score: 329572.72428461094
2025-11-05 17:40:37,211 - INFO - Seat deviation: 0, population std: 329572.72
2025-11-05 17:40:37,238 - INFO - Step 640, current temperature: 16.398140018627668, current score: 322472.74510374333
2025-11-05 17:40:37,238 - INFO - Seat deviation: 0, population std: 322472.75
2025-11-05 17:40:37,263 - INFO - Step 650, current temperature: 15.284138081489733, current score: 315557.30884293956
2025-11-05 17:40:37,263 - INFO - Seat deviation: 0, population std: 315557.31
2025-11-05 17:40:37,287 - INFO - Step 660, current temperature: 14.103357323598376, current score: 314938.6361410428
2025-11-05 17:40:37,288 - INFO - Seat deviation: 0, population std: 314938.64
2025-11-05 17:40:37,313 - INFO - Step 670, current temperature: 12.883660162531838, current score: 308127.9047208365
2025-11-05 17:40:37,313 - INFO - Seat deviation: 0, population std: 308127.90
2025-11-05 17:40:37,338 - INFO - Step 680, current temperature: 11.888329059788607, current score: 283309.50883990363
2025-11-05 17:40:37,338 - INFO - Seat deviation: 0, population std: 283309.51
2025-11-05 17:40:37,366 - INFO - Step 690, current temperature: 10.860193639877869, current score: 283041.85110882
2025-11-05 17:40:37,367 - INFO - Seat deviation: 0, population std: 283041.85
2025-11-05 17:40:37,391 - INFO - Step 700, current temperature: 10.122410163290047, current score: 271483.8534696747
2025-11-05 17:40:37,391 - INFO - Seat deviation: 0, population std: 271483.85
2025-11-05 17:40:37,414 - INFO - Step 710, current temperature: 9.340400272999146, current score: 259768.94586679104
2025-11-05 17:40:37,414 - INFO - Seat deviation: 0, population std: 259768.95
2025-11-05 17:40:37,434 - INFO - Step 720, current temperature: 8.705863430043493, current score: 250315.68344759126
2025-11-05 17:40:37,434 - INFO - Seat deviation: 0, population std: 250315.68
2025-11-05 17:40:37,464 - INFO - Step 730, current temperature: 7.873426833606004, current score: 238655.48442590205
2025-11-05 17:40:37,465 - INFO - Seat deviation: 0, population std: 238655.48
2025-11-05 17:40:37,492 - INFO - Step 740, current temperature: 7.265162837676358, current score: 233436.5102171898
2025-11-05 17:40:37,492 - INFO - Seat deviation: 0, population std: 233436.51
2025-11-05 17:40:37,514 - INFO - Step 750, current temperature: 6.703890462620752, current score: 227039.78849375554
2025-11-05 17:40:37,515 - INFO - Seat deviation: 0, population std: 227039.79
2025-11-05 17:40:37,535 - INFO - Step 760, current temperature: 6.248463996372963, current score: 223539.02017812984
2025-11-05 17:40:37,535 - INFO - Seat deviation: 0, population std: 223539.02
2025-11-05 17:40:37,558 - INFO - Step 770, current temperature: 5.823976768663666, current score: 199616.54230780978
2025-11-05 17:40:37,558 - INFO - Seat deviation: 0, population std: 199616.54
2025-11-05 17:40:37,590 - INFO - Step 780, current temperature: 5.267100194847118, current score: 198145.74685779837
2025-11-05 17:40:37,591 - INFO - Seat deviation: 0, population std: 198145.75
2025-11-05 17:40:37,637 - INFO - Step 800, current temperature: 4.484713392037912, current score: 190843.619236508
2025-11-05 17:40:37,637 - INFO - Seat deviation: 0, population std: 190843.62
2025-11-05 17:40:37,658 - INFO - Step 810, current temperature: 4.180045948012953, current score: 183444.63172258466
2025-11-05 17:40:37,658 - INFO - Seat deviation: 0, population std: 183444.63
2025-11-05 17:40:37,679 - INFO - Step 820, current temperature: 3.9354302836382797, current score: 183444.63172258466
2025-11-05 17:40:37,680 - INFO - Seat deviation: 0, population std: 183444.63
2025-11-05 17:40:37,696 - INFO - Step 830, current temperature: 3.7425550418151383, current score: 183444.63172258466
2025-11-05 17:40:37,697 - INFO - Seat deviation: 0, population std: 183444.63
2025-11-05 17:40:37,719 - INFO - Step 840, current temperature: 3.4883058671104856, current score: 178273.91768292
2025-11-05 17:40:37,719 - INFO - Seat deviation: 0, population std: 178273.92
2025-11-05 17:40:37,745 - INFO - Step 850, current temperature: 3.186627574103806, current score: 174549.25044347846
2025-11-05 17:40:37,745 - INFO - Seat deviation: 0, population std: 174549.25
2025-11-05 17:40:37,773 - INFO - Step 860, current temperature: 2.9110392502507807, current score: 174549.25044347846
2025-11-05 17:40:37,773 - INFO - Seat deviation: 0, population std: 174549.25
2025-11-05 17:40:37,795 - INFO - Step 870, current temperature: 2.7132788115558966, current score: 163998.42841934957
2025-11-05 17:40:37,795 - INFO - Seat deviation: 0, population std: 163998.43
2025-11-05 17:40:37,822 - INFO - Step 880, current temperature: 2.4786269915882264, current score: 162918.90915036167
2025-11-05 17:40:37,822 - INFO - Seat deviation: 0, population std: 162918.91
2025-11-05 17:40:37,851 - INFO - Step 890, current temperature: 2.2642685068943345, current score: 159186.2584996187
2025-11-05 17:40:37,851 - INFO - Seat deviation: 0, population std: 159186.26
2025-11-05 17:40:37,879 - INFO - Step 900, current temperature: 2.0684483339820052, current score: 155067.8285549385
2025-11-05 17:40:37,879 - INFO - Seat deviation: 0, population std: 155067.83
2025-11-05 17:40:37,906 - INFO - Step 910, current temperature: 1.9086497258801656, current score: 155067.8285549385
2025-11-05 17:40:37,907 - INFO - Seat deviation: 0, population std: 155067.83
2025-11-05 17:40:37,951 - INFO - Step 930, current temperature: 1.658131457401052, current score: 144289.4631855707
2025-11-05 17:40:37,951 - INFO - Seat deviation: 0, population std: 144289.46
2025-11-05 17:40:37,990 - INFO - Step 950, current temperature: 1.4550452127653408, current score: 141687.29052394407
2025-11-05 17:40:37,991 - INFO - Seat deviation: 0, population std: 141687.29
2025-11-05 17:40:38,034 - INFO - Step 970, current temperature: 1.2514237916196427, current score: 140085.43493823585
2025-11-05 17:40:38,035 - INFO - Seat deviation: 0, population std: 140085.43
2025-11-05 17:40:38,095 - INFO - Step 990, current temperature: 1.0338870717575122, current score: 133015.39594285586
2025-11-05 17:40:38,096 - INFO - Seat deviation: 0, population std: 133015.40
2025-11-05 17:40:38,119 - INFO - Optimization complete. Best score: 130357.05821675182
2025-11-05 17:40:38,121 - INFO - Results saved to results/data/baseline_sa_short_simulated_annealing_neutral_1000s_20251105_174028_seed42.json
2025-11-05 17:40:38,128 - INFO - Full results saved to results/data/baseline_sa_short_simulated_annealing_neutral_1000s_20251105_174028_seed42.pkl
2025-11-05 17:40:38,128 - INFO - Creating visualizations...
2025-11-05 17:40:39,055 - INFO - Comparison plot saved to results/baseline_sa_short_simulated_annealing_neutral_1000s_20251105_174028_seed42_comparison.png
2025-11-05 17:40:39,055 - INFO - ================================================================================
2025-11-05 17:40:39,056 - INFO - Experiment complete!
2025-11-05 17:40:39,056 - INFO - Results: results/data/baseline_sa_short_simulated_annealing_neutral_1000s_20251105_174028_seed42.json
2025-11-05 17:40:39,056 - INFO - Comparison: results/baseline_sa_short_simulated_annealing_neutral_1000s_20251105_174028_seed42_comparison.png
2025-11-05 17:40:39,056 - INFO - ================================================================================
