2025-11-05 13:02:54,844 - INFO - ================================================================================
2025-11-05 13:02:54,844 - INFO - Starting experiment: neutral_moderate_11d_500s_20251105_130254_seed42
2025-11-05 13:02:54,844 - INFO - Goal: neutral (strength: moderate)
2025-11-05 13:02:54,844 - INFO - Districts: 11
2025-11-05 13:02:54,844 - INFO - Steps: 500
2025-11-05 13:02:54,844 - INFO - Initial temp: 1000.0
2025-11-05 13:02:54,844 - INFO - Cooling rate: 0.99
2025-11-05 13:02:54,844 - INFO - Random seed: 42
2025-11-05 13:02:54,844 - INFO - ================================================================================
2025-11-05 13:02:54,845 - INFO - Loading data...
2025-11-05 13:02:54,845 - INFO - Loading electoral data
2025-11-05 13:02:55,208 - INFO - Loading geographic data
2025-11-05 13:02:57,265 - INFO - Found 330 communes in Emilia-Romagna
2025-11-05 13:02:57,273 - INFO - Merged data: 330 communes with complete data
2025-11-05 13:02:57,289 - INFO - Added coalition columns
2025-11-05 13:02:57,290 - INFO - Loaded 330 communes
2025-11-05 13:02:57,290 - INFO - Objective weights: {'population_balance': 1.0, 'seat_deviation': 1.0, 'partisan_advantage': 0.0}
2025-11-05 13:02:57,290 - INFO - Building adjacency graph
2025-11-05 13:02:57,645 - INFO - Starting optimization...
2025-11-05 13:02:57,646 - INFO - Initializing the map
2025-11-05 13:02:57,646 - INFO - Selecting 11 random communes to start the districts
2025-11-05 13:02:57,646 - INFO - Assigning the remaining communes to districts
2025-11-05 13:02:57,875 - INFO - Assigned 50 communes
2025-11-05 13:02:58,440 - INFO - Assigned 100 communes
2025-11-05 13:02:59,281 - INFO - Assigned 150 communes
2025-11-05 13:03:00,467 - INFO - Assigned 200 communes
2025-11-05 13:03:02,143 - INFO - Assigned 250 communes
2025-11-05 13:03:04,254 - INFO - Assigned 300 communes
2025-11-05 13:03:05,156 - INFO - Finished assigning communes to districts, assigned 330 communes out of 330 communes
2025-11-05 13:03:05,157 - INFO - District 0 has 61 communes
2025-11-05 13:03:05,157 - INFO - District 1 has 14 communes
2025-11-05 13:03:05,157 - INFO - District 2 has 3 communes
2025-11-05 13:03:05,158 - INFO - District 3 has 4 communes
2025-11-05 13:03:05,159 - INFO - District 4 has 9 communes
2025-11-05 13:03:05,159 - INFO - District 5 has 60 communes
2025-11-05 13:03:05,159 - INFO - District 6 has 30 communes
2025-11-05 13:03:05,160 - INFO - District 7 has 14 communes
2025-11-05 13:03:05,160 - INFO - District 8 has 10 communes
2025-11-05 13:03:05,160 - INFO - District 9 has 30 communes
2025-11-05 13:03:05,161 - INFO - District 10 has 95 communes
2025-11-05 13:03:05,161 - INFO - Finished initializing the map
2025-11-05 13:03:05,165 - INFO - Generated a map with 11 districts, starting the simulation
2025-11-05 13:03:05,165 - INFO - Step 0, current temperature: 1000.0, current score: 1122622.3565212341
2025-11-05 13:03:05,183 - INFO - Step 10, current temperature: 950.9900498999999, current score: 1099074.4128381258
2025-11-05 13:03:05,183 - INFO - Seat deviation: 0, population std: 1099074.41
2025-11-05 13:03:05,197 - INFO - Step 20, current temperature: 913.5172474836407, current score: 1066308.63116293
2025-11-05 13:03:05,197 - INFO - Seat deviation: 0, population std: 1066308.63
2025-11-05 13:03:05,217 - INFO - Step 30, current temperature: 868.7458127689781, current score: 1041219.2853413462
2025-11-05 13:03:05,217 - INFO - Seat deviation: 0, population std: 1041219.29
2025-11-05 13:03:05,224 - INFO - Step 35, current temperature: 860.0583546412884, current score: 1041219.2853413462
2025-11-05 13:03:05,224 - INFO - Seat deviation: 0, population std: 1041219.29
2025-11-05 13:03:05,235 - INFO - Step 40, current temperature: 834.5137614500875, current score: 1037774.3746259098
2025-11-05 13:03:05,235 - INFO - Seat deviation: 0, population std: 1037774.37
2025-11-05 13:03:05,249 - INFO - Step 50, current temperature: 801.6305895390458, current score: 1015586.6965624166
2025-11-05 13:03:05,249 - INFO - Seat deviation: 0, population std: 1015586.70
2025-11-05 13:03:05,260 - INFO - Step 55, current temperature: 777.8213593991466, current score: 982839.9563619049
2025-11-05 13:03:05,260 - INFO - Seat deviation: 0, population std: 982839.96
2025-11-05 13:03:05,266 - INFO - Step 60, current temperature: 770.0431458051551, current score: 982839.9563619049
2025-11-05 13:03:05,266 - INFO - Seat deviation: 0, population std: 982839.96
2025-11-05 13:03:05,280 - INFO - Step 70, current temperature: 739.7003733882801, current score: 962656.9219567733
2025-11-05 13:03:05,281 - INFO - Seat deviation: 0, population std: 962656.92
2025-11-05 13:03:05,295 - INFO - Step 75, current temperature: 710.553227272292, current score: 952230.7926214956
2025-11-05 13:03:05,295 - INFO - Seat deviation: 0, population std: 952230.79
2025-11-05 13:03:05,313 - INFO - Step 90, current temperature: 675.7290490602829, current score: 943048.0413301126
2025-11-05 13:03:05,313 - INFO - Seat deviation: 0, population std: 943048.04
2025-11-05 13:03:05,327 - INFO - Step 100, current temperature: 649.102628368402, current score: 937946.4035255756
2025-11-05 13:03:05,328 - INFO - Seat deviation: 0, population std: 937946.40
2025-11-05 13:03:05,344 - INFO - Step 110, current temperature: 617.2901409422876, current score: 929651.4837713101
2025-11-05 13:03:05,344 - INFO - Seat deviation: 0, population std: 929651.48
2025-11-05 13:03:05,355 - INFO - Step 115, current temperature: 598.9560064661606, current score: 926740.0801110301
2025-11-05 13:03:05,355 - INFO - Seat deviation: 0, population std: 926740.08
2025-11-05 13:03:05,368 - INFO - Step 120, current temperature: 575.3547499769281, current score: 918024.243648093
2025-11-05 13:03:05,368 - INFO - Seat deviation: 0, population std: 918024.24
2025-11-05 13:03:05,397 - INFO - Step 135, current temperature: 530.9055429551129, current score: 887701.018694418
2025-11-05 13:03:05,397 - INFO - Seat deviation: 0, population std: 887701.02
2025-11-05 13:03:05,407 - INFO - Step 140, current temperature: 515.1371174238031, current score: 879987.3789507223
2025-11-05 13:03:05,407 - INFO - Seat deviation: 0, population std: 879987.38
2025-11-05 13:03:05,419 - INFO - Step 145, current temperature: 499.83702989919874, current score: 879987.3789507223
2025-11-05 13:03:05,419 - INFO - Seat deviation: 0, population std: 879987.38
2025-11-05 13:03:05,447 - INFO - Step 160, current temperature: 452.0436502664752, current score: 854361.0663155448
2025-11-05 13:03:05,447 - INFO - Seat deviation: 0, population std: 854361.07
2025-11-05 13:03:05,465 - INFO - Step 165, current temperature: 429.88901352389337, current score: 849080.6649715691
2025-11-05 13:03:05,465 - INFO - Seat deviation: 0, population std: 849080.66
2025-11-05 13:03:05,478 - INFO - Step 170, current temperature: 412.949671133888, current score: 842338.7398991724
2025-11-05 13:03:05,479 - INFO - Seat deviation: 0, population std: 842338.74
2025-11-05 13:03:05,508 - INFO - Step 180, current temperature: 381.0471181045495, current score: 827026.5050400402
2025-11-05 13:03:05,508 - INFO - Seat deviation: 0, population std: 827026.51
2025-11-05 13:03:05,517 - INFO - Step 185, current temperature: 373.46428045426893, current score: 821098.9817817992
2025-11-05 13:03:05,517 - INFO - Seat deviation: 0, population std: 821098.98
2025-11-05 13:03:05,538 - INFO - Step 195, current temperature: 348.0931144924418, current score: 787995.5172057644
2025-11-05 13:03:05,538 - INFO - Seat deviation: 0, population std: 787995.52
2025-11-05 13:03:05,544 - INFO - Step 200, current temperature: 344.61218334751743, current score: 781877.941564712
2025-11-05 13:03:05,545 - INFO - Seat deviation: 0, population std: 781877.94
2025-11-05 13:03:05,588 - INFO - Step 230, current temperature: 296.3865873992079, current score: 755251.8943101749
2025-11-05 13:03:05,588 - INFO - Seat deviation: 0, population std: 755251.89
2025-11-05 13:03:05,599 - INFO - Step 235, current temperature: 287.583609366864, current score: 746513.031896855
2025-11-05 13:03:05,599 - INFO - Seat deviation: 0, population std: 746513.03
2025-11-05 13:03:05,617 - INFO - Step 240, current temperature: 273.48915102221605, current score: 732197.6262536441
2025-11-05 13:03:05,617 - INFO - Seat deviation: 0, population std: 732197.63
2025-11-05 13:03:05,631 - INFO - Step 245, current temperature: 265.3662497477052, current score: 726961.051571677
2025-11-05 13:03:05,631 - INFO - Seat deviation: 0, population std: 726961.05
2025-11-05 13:03:05,647 - INFO - Step 250, current temperature: 254.9097606963091, current score: 720415.3398841395
2025-11-05 13:03:05,647 - INFO - Seat deviation: 0, population std: 720415.34
2025-11-05 13:03:05,671 - INFO - Step 260, current temperature: 237.5925547882929, current score: 696195.7796276053
2025-11-05 13:03:05,672 - INFO - Seat deviation: 0, population std: 696195.78
2025-11-05 13:03:05,696 - INFO - Step 270, current temperature: 221.45178723886076, current score: 690185.3682706738
2025-11-05 13:03:05,696 - INFO - Seat deviation: 0, population std: 690185.37
2025-11-05 13:03:05,727 - INFO - Step 290, current temperature: 200.27702685748915, current score: 646949.1795395722
2025-11-05 13:03:05,727 - INFO - Seat deviation: 0, population std: 646949.18
2025-11-05 13:03:05,739 - INFO - Step 295, current temperature: 194.32859888279486, current score: 635833.234755651
2025-11-05 13:03:05,739 - INFO - Seat deviation: 0, population std: 635833.23
2025-11-05 13:03:05,756 - INFO - Step 300, current temperature: 184.8045639485462, current score: 634135.4795866275
2025-11-05 13:03:05,756 - INFO - Seat deviation: 0, population std: 634135.48
2025-11-05 13:03:05,780 - INFO - Step 315, current temperature: 170.52743088958624, current score: 605462.5616911857
2025-11-05 13:03:05,780 - INFO - Seat deviation: 0, population std: 605462.56
2025-11-05 13:03:05,798 - INFO - Step 325, current temperature: 162.1698900110064, current score: 600167.7131432954
2025-11-05 13:03:05,799 - INFO - Seat deviation: 0, population std: 600167.71
2025-11-05 13:03:05,808 - INFO - Step 330, current temperature: 160.54819111089634, current score: 600167.7131432954
2025-11-05 13:03:05,808 - INFO - Seat deviation: 0, population std: 600167.71
2025-11-05 13:03:05,827 - INFO - Step 340, current temperature: 151.15293495314702, current score: 578418.8062314349
2025-11-05 13:03:05,827 - INFO - Seat deviation: 0, population std: 578418.81
2025-11-05 13:03:05,832 - INFO - Step 345, current temperature: 149.64140560361557, current score: 578418.8062314349
2025-11-05 13:03:05,832 - INFO - Seat deviation: 0, population std: 578418.81
2025-11-05 13:03:05,849 - INFO - Step 355, current temperature: 140.88441290426766, current score: 573070.4909929717
2025-11-05 13:03:05,850 - INFO - Seat deviation: 0, population std: 573070.49
2025-11-05 13:03:05,863 - INFO - Step 360, current temperature: 135.33300490703203, current score: 561989.7225870515
2025-11-05 13:03:05,863 - INFO - Seat deviation: 0, population std: 561989.72
2025-11-05 13:03:05,893 - INFO - Step 375, current temperature: 121.16881635704837, current score: 530275.065303949
2025-11-05 13:03:05,893 - INFO - Seat deviation: 0, population std: 530275.07
2025-11-05 13:03:05,906 - INFO - Step 380, current temperature: 116.3942815290034, current score: 521484.18963937415
2025-11-05 13:03:05,906 - INFO - Seat deviation: 0, population std: 521484.19
2025-11-05 13:03:05,924 - INFO - Step 385, current temperature: 111.80788242357735, current score: 518231.600299096
2025-11-05 13:03:05,924 - INFO - Seat deviation: 0, population std: 518231.60
2025-11-05 13:03:05,939 - INFO - Step 390, current temperature: 106.32818368521116, current score: 517956.28800228646
2025-11-05 13:03:05,939 - INFO - Seat deviation: 0, population std: 517956.29
2025-11-05 13:03:05,952 - INFO - Step 400, current temperature: 102.13842899856093, current score: 511312.5536170418
2025-11-05 13:03:05,952 - INFO - Seat deviation: 0, population std: 511312.55
2025-11-05 13:03:05,965 - INFO - Step 405, current temperature: 98.11376736368591, current score: 504890.6965413569
2025-11-05 13:03:05,966 - INFO - Seat deviation: 0, population std: 504890.70
2025-11-05 13:03:05,980 - INFO - Step 410, current temperature: 94.2476934556249, current score: 502964.0586562986
2025-11-05 13:03:05,981 - INFO - Seat deviation: 0, population std: 502964.06
2025-11-05 13:03:06,008 - INFO - Step 420, current temperature: 86.0968935072644, current score: 489893.62988270517
2025-11-05 13:03:06,008 - INFO - Seat deviation: 0, population std: 489893.63
2025-11-05 13:03:06,020 - INFO - Step 425, current temperature: 83.53972967320513, current score: 489699.05679436354
2025-11-05 13:03:06,021 - INFO - Seat deviation: 0, population std: 489699.06
2025-11-05 13:03:06,032 - INFO - Step 430, current temperature: 81.05851616218126, current score: 483566.9113027954
2025-11-05 13:03:06,033 - INFO - Seat deviation: 0, population std: 483566.91
2025-11-05 13:03:06,048 - INFO - Step 435, current temperature: 77.08584232989271, current score: 477931.0102499753
2025-11-05 13:03:06,049 - INFO - Seat deviation: 0, population std: 477931.01
2025-11-05 13:03:06,064 - INFO - Step 440, current temperature: 74.04835256958404, current score: 463059.50982668047
2025-11-05 13:03:06,064 - INFO - Seat deviation: 0, population std: 463059.51
2025-11-05 13:03:06,079 - INFO - Step 445, current temperature: 71.13055202541567, current score: 456426.15765872516
2025-11-05 13:03:06,080 - INFO - Seat deviation: 0, population std: 456426.16
2025-11-05 13:03:06,118 - INFO - Step 465, current temperature: 62.418554779824085, current score: 449831.10310307087
2025-11-05 13:03:06,118 - INFO - Seat deviation: 0, population std: 449831.10
2025-11-05 13:03:06,142 - INFO - Step 475, current temperature: 58.17817197670824, current score: 449831.10310307087
2025-11-05 13:03:06,142 - INFO - Seat deviation: 0, population std: 449831.10
2025-11-05 13:03:06,156 - INFO - Step 480, current temperature: 55.88571986991975, current score: 449793.5173725608
2025-11-05 13:03:06,157 - INFO - Seat deviation: 0, population std: 449793.52
2025-11-05 13:03:06,179 - INFO - Step 490, current temperature: 52.08914293358932, current score: 437844.61925895186
2025-11-05 13:03:06,179 - INFO - Seat deviation: 0, population std: 437844.62
2025-11-05 13:03:06,198 - INFO - Step 495, current temperature: 49.53625663766234, current score: 430505.1428253877
2025-11-05 13:03:06,198 - INFO - Seat deviation: 0, population std: 430505.14
2025-11-05 13:03:06,210 - INFO - Optimization complete. Best score: 423910.6920983349
2025-11-05 13:03:06,211 - INFO - Results saved to results/data/neutral_moderate_11d_500s_20251105_130254_seed42.json
2025-11-05 13:03:06,219 - INFO - Full results saved to results/data/neutral_moderate_11d_500s_20251105_130254_seed42.pkl
2025-11-05 13:03:06,219 - INFO - Creating visualizations...
2025-11-05 13:03:07,223 - INFO - Comparison plot saved to results/neutral_moderate_11d_500s_20251105_130254_seed42_comparison.png
2025-11-05 13:03:07,224 - INFO - Creating animation with 60 frames
2025-11-05 13:03:07,546 - INFO - Animation.save using <class 'matplotlib.animation.PillowWriter'>
2025-11-05 13:03:32,871 - INFO - Animation saved to results/gifs/neutral_moderate_11d_500s_20251105_130254_seed42.gif
2025-11-05 13:03:32,872 - INFO - ================================================================================
2025-11-05 13:03:32,872 - INFO - Experiment complete!
2025-11-05 13:03:32,872 - INFO - Results: results/data/neutral_moderate_11d_500s_20251105_130254_seed42.json
2025-11-05 13:03:32,872 - INFO - Comparison: results/neutral_moderate_11d_500s_20251105_130254_seed42_comparison.png
2025-11-05 13:03:32,872 - INFO - Animation: results/gifs/neutral_moderate_11d_500s_20251105_130254_seed42.gif
2025-11-05 13:03:32,872 - INFO - ================================================================================
