2025-11-05 17:48:25,299 - INFO - ================================================================================
2025-11-05 17:48:25,299 - INFO - Experiment: partisan_left_moderate
2025-11-05 17:48:25,300 - INFO - Algorithm: simulated_annealing
2025-11-05 17:48:25,300 - INFO - Objective: maximize_left_moderate - Moderate left partisan advantage
2025-11-05 17:48:25,300 - INFO - Steps: 3000
2025-11-05 17:48:25,300 - INFO - Random seed: 42
2025-11-05 17:48:25,300 - INFO - ================================================================================
2025-11-05 17:48:25,301 - INFO - Building adjacency graph
2025-11-05 17:48:25,680 - INFO - Starting optimization...
2025-11-05 17:48:25,680 - INFO - Initializing the map
2025-11-05 17:48:25,680 - INFO - Selecting 11 random communes to start the districts
2025-11-05 17:48:25,681 - INFO - Assigning the remaining communes to districts
2025-11-05 17:48:25,901 - INFO - Assigned 50 communes
2025-11-05 17:48:26,433 - INFO - Assigned 100 communes
2025-11-05 17:48:27,231 - INFO - Assigned 150 communes
2025-11-05 17:48:28,420 - INFO - Assigned 200 communes
2025-11-05 17:48:29,972 - INFO - Assigned 250 communes
2025-11-05 17:48:32,013 - INFO - Assigned 300 communes
2025-11-05 17:48:32,847 - INFO - Finished assigning communes to districts, assigned 330 communes out of 330 communes
2025-11-05 17:48:32,847 - INFO - District 0 has 61 communes
2025-11-05 17:48:32,847 - INFO - District 1 has 14 communes
2025-11-05 17:48:32,848 - INFO - District 2 has 3 communes
2025-11-05 17:48:32,848 - INFO - District 3 has 4 communes
2025-11-05 17:48:32,848 - INFO - District 4 has 9 communes
2025-11-05 17:48:32,848 - INFO - District 5 has 60 communes
2025-11-05 17:48:32,848 - INFO - District 6 has 30 communes
2025-11-05 17:48:32,848 - INFO - District 7 has 14 communes
2025-11-05 17:48:32,848 - INFO - District 8 has 10 communes
2025-11-05 17:48:32,848 - INFO - District 9 has 30 communes
2025-11-05 17:48:32,848 - INFO - District 10 has 95 communes
2025-11-05 17:48:32,848 - INFO - Finished initializing the map
2025-11-05 17:48:32,994 - INFO - Generated a map with 11 districts, starting the simulation
2025-11-05 17:48:32,994 - INFO - Step 0, current temperature: 1000.0, current score: 112262.23565212342
2025-11-05 17:48:35,039 - INFO - Step 30, current temperature: 868.7458127689781, current score: 104487.04962435289
2025-11-05 17:48:35,039 - INFO - Seat deviation: 0, population std: 1044870.50
2025-11-05 17:48:36,916 - INFO - Step 60, current temperature: 762.3427143471035, current score: 99814.72261029058
2025-11-05 17:48:36,917 - INFO - Seat deviation: 0, population std: 998147.23
2025-11-05 17:48:39,038 - INFO - Step 90, current temperature: 662.2820409839833, current score: 96604.96502340288
2025-11-05 17:48:39,038 - INFO - Seat deviation: 0, population std: 966049.65
2025-11-05 17:48:48,559 - INFO - Step 210, current temperature: 331.0330883210137, current score: 86358.39106904848
2025-11-05 17:48:48,559 - INFO - Seat deviation: 0, population std: 863583.91
2025-11-05 17:48:51,339 - INFO - Step 240, current temperature: 273.48915102221605, current score: 82893.95022340392
2025-11-05 17:48:51,339 - INFO - Seat deviation: 0, population std: 828939.50
2025-11-05 17:48:56,440 - INFO - Step 300, current temperature: 188.556845167377, current score: 75251.25992868631
2025-11-05 17:48:56,440 - INFO - Seat deviation: 0, population std: 752512.60
2025-11-05 17:49:00,293 - INFO - Step 360, current temperature: 145.1969062157826, current score: 67232.76922862286
2025-11-05 17:49:00,293 - INFO - Seat deviation: 0, population std: 672327.69
2025-11-05 17:49:05,510 - INFO - Step 420, current temperature: 99.10481551887466, current score: 60166.33708484703
2025-11-05 17:49:05,511 - INFO - Seat deviation: 0, population std: 601663.37
2025-11-05 17:49:07,949 - INFO - Step 450, current temperature: 83.53972967320513, current score: 55443.19901734142
2025-11-05 17:49:07,950 - INFO - Seat deviation: 0, population std: 554431.99
2025-11-05 17:49:11,001 - INFO - Step 480, current temperature: 66.96800274786395, current score: 53761.64024990462
2025-11-05 17:49:11,001 - INFO - Seat deviation: 0, population std: 537616.40
2025-11-05 17:49:14,179 - INFO - Step 510, current temperature: 53.68359952302262, current score: 50859.33001349884
2025-11-05 17:49:14,180 - INFO - Seat deviation: 0, population std: 508593.30
2025-11-05 17:49:22,750 - INFO - Step 600, current temperature: 29.07960468580264, current score: 42499.6241000936
2025-11-05 17:49:22,750 - INFO - Seat deviation: 0, population std: 424996.24
2025-11-05 17:49:28,299 - INFO - Step 660, current temperature: 19.649933621386364, current score: 35712.35932923174
2025-11-05 17:49:28,299 - INFO - Seat deviation: 0, population std: 357123.59
2025-11-05 17:49:30,801 - INFO - Step 690, current temperature: 16.563777796593605, current score: 31768.90679791659
2025-11-05 17:49:30,802 - INFO - Seat deviation: 0, population std: 317689.07
2025-11-05 17:49:34,224 - INFO - Step 720, current temperature: 13.013798143971552, current score: 27914.01038420055
2025-11-05 17:49:34,225 - INFO - Seat deviation: 0, population std: 279140.10
2025-11-05 17:49:37,349 - INFO - Step 750, current temperature: 10.537635028579857, current score: 24015.17111263745
2025-11-05 17:49:37,350 - INFO - Seat deviation: 0, population std: 240151.71
2025-11-05 17:49:40,720 - INFO - Step 780, current temperature: 8.362817674504694, current score: 21033.586745838445
2025-11-05 17:49:40,721 - INFO - Seat deviation: 0, population std: 210335.87
2025-11-05 17:49:50,013 - INFO - Step 870, current temperature: 4.222268634356518, current score: 15564.02743199207
2025-11-05 17:49:50,014 - INFO - Seat deviation: 0, population std: 155640.27
2025-11-05 17:49:53,787 - INFO - Step 900, current temperature: 3.251329021634329, current score: 13519.728484167861
2025-11-05 17:49:53,788 - INFO - Seat deviation: 0, population std: 135197.28
2025-11-05 17:49:57,642 - INFO - Step 930, current temperature: 2.4786269915882264, current score: 12539.782199289582
2025-11-05 17:49:57,642 - INFO - Seat deviation: 0, population std: 125397.82
2025-11-05 17:50:01,409 - INFO - Step 960, current temperature: 1.9086497258801656, current score: 11144.266438038148
2025-11-05 17:50:01,409 - INFO - Seat deviation: 0, population std: 111442.66
2025-11-05 17:50:08,183 - INFO - Step 1020, current temperature: 1.1664087517150468, current score: 9635.76939335845
2025-11-05 17:50:08,183 - INFO - Seat deviation: 0, population std: 96357.69
2025-11-05 17:50:12,289 - INFO - Step 1050, current temperature: 0.8803111816824589, current score: 9323.312765134984
2025-11-05 17:50:12,289 - INFO - Seat deviation: 0, population std: 93233.13
2025-11-05 17:50:16,010 - INFO - Step 1080, current temperature: 0.6778775916302141, current score: 8077.025502125363
2025-11-05 17:50:16,010 - INFO - Seat deviation: 0, population std: 80770.26
2025-11-05 17:50:19,208 - INFO - Step 1110, current temperature: 0.5379733392796987, current score: 7236.934821906919
2025-11-05 17:50:19,208 - INFO - Seat deviation: 0, population std: 72369.35
2025-11-05 17:50:23,128 - INFO - Step 1140, current temperature: 0.41012005571286086, current score: 5898.659647610389
2025-11-05 17:50:23,128 - INFO - Seat deviation: 0, population std: 58986.60
2025-11-05 17:50:26,732 - INFO - Step 1170, current temperature: 0.3190001392514312, current score: 5757.35300623013
2025-11-05 17:50:26,732 - INFO - Seat deviation: 0, population std: 57573.53
2025-11-05 17:50:30,611 - INFO - Step 1200, current temperature: 0.24318743203404006, current score: 5047.4510598898805
2025-11-05 17:50:30,612 - INFO - Seat deviation: 0, population std: 50474.51
2025-11-05 17:50:34,688 - INFO - Step 1230, current temperature: 0.18170286290799648, current score: 5047.4510598898805
2025-11-05 17:50:34,688 - INFO - Seat deviation: 0, population std: 50474.51
2025-11-05 17:50:38,279 - INFO - Step 1260, current temperature: 0.14275996750890363, current score: 5047.4510598898805
2025-11-05 17:50:38,279 - INFO - Seat deviation: 0, population std: 50474.51
2025-11-05 17:50:41,689 - INFO - Step 1290, current temperature: 0.11216338585409437, current score: 4754.037897521893
2025-11-05 17:50:41,689 - INFO - Seat deviation: 0, population std: 47540.38
2025-11-05 17:50:45,527 - INFO - Step 1320, current temperature: 0.08637064648724427, current score: 4265.6066621910795
2025-11-05 17:50:45,528 - INFO - Seat deviation: 0, population std: 42656.07
2025-11-05 17:50:49,203 - INFO - Step 1350, current temperature: 0.06785952895241562, current score: 4025.7553288094914
2025-11-05 17:50:49,203 - INFO - Seat deviation: 0, population std: 40257.55
2025-11-05 17:50:52,949 - INFO - Step 1380, current temperature: 0.05278259105795365, current score: 3137.5049195443967
2025-11-05 17:50:52,950 - INFO - Seat deviation: 0, population std: 31375.05
2025-11-05 17:50:56,460 - INFO - Step 1410, current temperature: 0.04147012800940076, current score: 3137.5049195443967
2025-11-05 17:50:56,460 - INFO - Seat deviation: 0, population std: 31375.05
2025-11-05 17:51:00,307 - INFO - Step 1440, current temperature: 0.03161444995100841, current score: 3137.5049195443967
2025-11-05 17:51:00,307 - INFO - Seat deviation: 0, population std: 31375.05
2025-11-05 17:51:04,219 - INFO - Step 1470, current temperature: 0.024101045588242408, current score: 2533.3842098487044
2025-11-05 17:51:04,220 - INFO - Seat deviation: 0, population std: 25333.84
2025-11-05 17:51:08,324 - INFO - Step 1500, current temperature: 0.01818952394722057, current score: 2533.3842098487044
2025-11-05 17:51:08,324 - INFO - Seat deviation: 0, population std: 25333.84
2025-11-05 17:51:11,631 - INFO - Step 1530, current temperature: 0.014435466017192563, current score: 2513.8480470787517
2025-11-05 17:51:11,631 - INFO - Seat deviation: 0, population std: 25138.48
2025-11-05 17:51:15,179 - INFO - Step 1560, current temperature: 0.011341630102073641, current score: 2060.9858788678202
2025-11-05 17:51:15,180 - INFO - Seat deviation: 0, population std: 20609.86
2025-11-05 17:51:16,975 - INFO - Optimization complete. Best score: 2060.9858788678202
2025-11-05 17:51:16,977 - INFO - Results saved to results/data/partisan_left_moderate_simulated_annealing_maximize_left_moderate_3000s_20251105_174825_seed42.json
2025-11-05 17:51:16,984 - INFO - Full results saved to results/data/partisan_left_moderate_simulated_annealing_maximize_left_moderate_3000s_20251105_174825_seed42.pkl
2025-11-05 17:51:16,984 - INFO - Creating visualizations...
2025-11-05 17:51:17,861 - INFO - Comparison plot saved to results/partisan_left_moderate_simulated_annealing_maximize_left_moderate_3000s_20251105_174825_seed42_comparison.png
2025-11-05 17:51:17,862 - INFO - Creating animation with 40 frames
2025-11-05 17:51:18,061 - INFO - Animation.save using <class 'matplotlib.animation.PillowWriter'>
2025-11-05 17:51:34,452 - INFO - Animation saved to results/gifs/partisan_left_moderate_simulated_annealing_maximize_left_moderate_3000s_20251105_174825_seed42.gif
2025-11-05 17:51:34,453 - INFO - ================================================================================
2025-11-05 17:51:34,453 - INFO - Experiment complete!
2025-11-05 17:51:34,453 - INFO - Results: results/data/partisan_left_moderate_simulated_annealing_maximize_left_moderate_3000s_20251105_174825_seed42.json
2025-11-05 17:51:34,453 - INFO - Comparison: results/partisan_left_moderate_simulated_annealing_maximize_left_moderate_3000s_20251105_174825_seed42_comparison.png
2025-11-05 17:51:34,453 - INFO - Animation: results/gifs/partisan_left_moderate_simulated_annealing_maximize_left_moderate_3000s_20251105_174825_seed42.gif
2025-11-05 17:51:34,453 - INFO - ================================================================================
