2025-11-05 19:11:51,470 - INFO - ================================================================================
2025-11-05 19:11:51,470 - INFO - Experiment: sa_maximize_right
2025-11-05 19:11:51,470 - INFO - Algorithm: simulated_annealing
2025-11-05 19:11:51,470 - INFO - Objective: maximize_right - Maximize right coalition seats
2025-11-05 19:11:51,470 - INFO - Steps: 3000
2025-11-05 19:11:51,470 - INFO - Random seed: 42
2025-11-05 19:11:51,470 - INFO - ================================================================================
2025-11-05 19:11:51,471 - INFO - Building adjacency graph
2025-11-05 19:11:51,811 - INFO - Starting optimization...
2025-11-05 19:11:51,811 - INFO - Initializing the map
2025-11-05 19:11:51,811 - INFO - Selecting 11 random communes to start the districts
2025-11-05 19:11:51,811 - INFO - Assigning the remaining communes to districts
2025-11-05 19:11:52,028 - INFO - Assigned 50 communes
2025-11-05 19:11:52,562 - INFO - Assigned 100 communes
2025-11-05 19:11:53,391 - INFO - Assigned 150 communes
2025-11-05 19:11:54,568 - INFO - Assigned 200 communes
2025-11-05 19:11:56,169 - INFO - Assigned 250 communes
2025-11-05 19:11:58,181 - INFO - Assigned 300 communes
2025-11-05 19:11:58,992 - INFO - Finished assigning communes to districts, assigned 330 communes out of 330 communes
2025-11-05 19:11:58,993 - INFO - District 0 has 61 communes
2025-11-05 19:11:58,993 - INFO - District 1 has 14 communes
2025-11-05 19:11:58,993 - INFO - District 2 has 3 communes
2025-11-05 19:11:58,993 - INFO - District 3 has 4 communes
2025-11-05 19:11:58,993 - INFO - District 4 has 9 communes
2025-11-05 19:11:58,993 - INFO - District 5 has 60 communes
2025-11-05 19:11:58,994 - INFO - District 6 has 30 communes
2025-11-05 19:11:58,994 - INFO - District 7 has 14 communes
2025-11-05 19:11:58,994 - INFO - District 8 has 10 communes
2025-11-05 19:11:58,994 - INFO - District 9 has 30 communes
2025-11-05 19:11:58,994 - INFO - District 10 has 95 communes
2025-11-05 19:11:59,024 - INFO - ✓ All initial districts are contiguous
2025-11-05 19:11:59,025 - INFO - Finished initializing the map
2025-11-05 19:11:59,166 - INFO - Generated a map with 11 districts, starting the simulation
2025-11-05 19:11:59,166 - INFO - Step 0, current temperature: 1000.0, current score: 112262.23565212342
2025-11-05 19:11:59,448 - INFO - Step 0, current temperature: 990.0, current score: 112262.23565212342
2025-11-05 19:11:59,449 - INFO - Seat deviation: 1, population std: 1122622.36
2025-11-05 19:12:03,871 - INFO - Step 30, current temperature: 732.3033696543973, current score: 99154.98567610838
2025-11-05 19:12:03,872 - INFO - Seat deviation: 1, population std: 991549.86
2025-11-05 19:12:08,143 - INFO - Step 60, current temperature: 541.6850759668533, current score: 99227.6430832667
2025-11-05 19:12:08,143 - INFO - Seat deviation: 1, population std: 992276.43
2025-11-05 19:12:12,481 - INFO - Step 90, current temperature: 400.68465295154033, current score: 92602.03628607439
2025-11-05 19:12:12,482 - INFO - Seat deviation: 1, population std: 926020.36
2025-11-05 19:12:16,750 - INFO - Step 120, current temperature: 296.3865873992079, current score: 83457.23587648828
2025-11-05 19:12:16,751 - INFO - Seat deviation: 1, population std: 834572.36
2025-11-05 19:12:21,040 - INFO - Step 150, current temperature: 219.23726936647216, current score: 76783.7976083152
2025-11-05 19:12:21,040 - INFO - Seat deviation: 1, population std: 767837.98
2025-11-05 19:12:25,422 - INFO - Step 180, current temperature: 162.1698900110064, current score: 70772.62313302551
2025-11-05 19:12:25,423 - INFO - Seat deviation: 1, population std: 707726.23
2025-11-05 19:12:29,823 - INFO - Step 210, current temperature: 119.95712819347789, current score: 66258.18449686171
2025-11-05 19:12:29,824 - INFO - Seat deviation: 1, population std: 662581.84
2025-11-05 19:12:34,159 - INFO - Step 240, current temperature: 88.73233251530137, current score: 60897.86860597894
2025-11-05 19:12:34,160 - INFO - Seat deviation: 1, population std: 608978.69
2025-11-05 19:12:38,452 - INFO - Step 270, current temperature: 65.63533949318146, current score: 55219.41639817205
2025-11-05 19:12:38,452 - INFO - Seat deviation: 1, population std: 552194.16
2025-11-05 19:12:42,669 - INFO - Step 300, current temperature: 48.55048513057286, current score: 51911.288450588145
2025-11-05 19:12:42,670 - INFO - Seat deviation: 1, population std: 519112.88
2025-11-05 19:12:46,933 - INFO - Step 330, current temperature: 35.912811979266884, current score: 48995.61620813347
2025-11-05 19:12:46,933 - INFO - Seat deviation: 1, population std: 489956.16
2025-11-05 19:12:51,116 - INFO - Step 360, current temperature: 26.564720430486812, current score: 46937.75886347387
2025-11-05 19:12:51,116 - INFO - Seat deviation: 1, population std: 469377.59
2025-11-05 19:12:55,363 - INFO - Step 390, current temperature: 19.649933621386364, current score: 44964.92120294928
2025-11-05 19:12:55,364 - INFO - Seat deviation: 1, population std: 449649.21
2025-11-05 19:12:59,568 - INFO - Step 420, current temperature: 14.535063236794407, current score: 41908.06488628284
2025-11-05 19:12:59,569 - INFO - Seat deviation: 1, population std: 419080.65
2025-11-05 19:13:03,993 - INFO - Step 450, current temperature: 10.75159170347909, current score: 39625.324004160655
2025-11-05 19:13:03,994 - INFO - Seat deviation: 1, population std: 396253.24
2025-11-05 19:13:08,327 - INFO - Step 480, current temperature: 7.952956397581822, current score: 37808.31885024754
2025-11-05 19:13:08,327 - INFO - Seat deviation: 1, population std: 378083.19
2025-11-05 19:13:12,640 - INFO - Step 510, current temperature: 5.882804816831986, current score: 37681.501738822626
2025-11-05 19:13:12,640 - INFO - Seat deviation: 1, population std: 376815.02
2025-11-05 19:13:16,902 - INFO - Step 540, current temperature: 4.351512919580993, current score: 35947.77913246559
2025-11-05 19:13:16,903 - INFO - Seat deviation: 1, population std: 359477.79
2025-11-05 19:13:21,252 - INFO - Step 570, current temperature: 3.218815731417986, current score: 33518.94172095672
2025-11-05 19:13:21,253 - INFO - Seat deviation: 1, population std: 335189.42
2025-11-05 19:13:25,446 - INFO - Step 600, current temperature: 2.380959198397954, current score: 32238.36211841952
2025-11-05 19:13:25,446 - INFO - Seat deviation: 1, population std: 322383.62
2025-11-05 19:13:29,663 - INFO - Step 630, current temperature: 1.7611964080772267, current score: 28740.179985015304
2025-11-05 19:13:29,664 - INFO - Seat deviation: 1, population std: 287401.80
2025-11-05 19:13:33,910 - INFO - Step 660, current temperature: 1.302757640664823, current score: 27524.01856181387
2025-11-05 19:13:33,911 - INFO - Seat deviation: 1, population std: 275240.19
2025-11-05 19:13:38,174 - INFO - Step 690, current temperature: 0.9636503132342047, current score: 25652.33415029414
2025-11-05 19:13:38,174 - INFO - Seat deviation: 1, population std: 256523.34
2025-11-05 19:13:42,448 - INFO - Step 720, current temperature: 0.7128124965150743, current score: 25178.952930251122
2025-11-05 19:13:42,449 - INFO - Seat deviation: 1, population std: 251789.53
2025-11-05 19:13:46,745 - INFO - Step 750, current temperature: 0.5272676698280327, current score: 23441.47810694426
2025-11-05 19:13:46,745 - INFO - Seat deviation: 1, population std: 234414.78
2025-11-05 19:13:51,088 - INFO - Step 780, current temperature: 0.3900200922473644, current score: 22857.58499213976
2025-11-05 19:13:51,088 - INFO - Seat deviation: 1, population std: 228575.85
2025-11-05 19:13:55,323 - INFO - Step 810, current temperature: 0.2884980078643069, current score: 21968.624567368428
2025-11-05 19:13:55,324 - INFO - Seat deviation: 1, population std: 219686.25
2025-11-05 19:13:59,543 - INFO - Step 840, current temperature: 0.2134020841390028, current score: 21072.305242452105
2025-11-05 19:13:59,543 - INFO - Seat deviation: 1, population std: 210723.05
2025-11-05 19:14:03,923 - INFO - Step 870, current temperature: 0.15785360131945758, current score: 19562.067409197414
2025-11-05 19:14:03,924 - INFO - Seat deviation: 1, population std: 195620.67
2025-11-05 19:14:08,109 - INFO - Step 900, current temperature: 0.11676436783668753, current score: 17491.34992836542
2025-11-05 19:14:08,109 - INFO - Seat deviation: 1, population std: 174913.50
2025-11-05 19:14:12,480 - INFO - Step 930, current temperature: 0.08637064648724427, current score: 17419.409326124536
2025-11-05 19:14:12,480 - INFO - Seat deviation: 1, population std: 174194.09
2025-11-05 19:14:16,842 - INFO - Step 960, current temperature: 0.06388839945640173, current score: 15701.862707803515
2025-11-05 19:14:16,842 - INFO - Seat deviation: 1, population std: 157018.63
2025-11-05 19:14:21,139 - INFO - Step 990, current temperature: 0.04725827293307996, current score: 12980.98932089755
2025-11-05 19:14:21,139 - INFO - Seat deviation: 1, population std: 129809.89
2025-11-05 19:14:25,334 - INFO - Step 1020, current temperature: 0.034956962134284494, current score: 11724.747225504841
2025-11-05 19:14:25,335 - INFO - Seat deviation: 1, population std: 117247.47
2025-11-05 19:14:29,582 - INFO - Step 1050, current temperature: 0.02585767794325021, current score: 10639.349178667831
2025-11-05 19:14:29,582 - INFO - Seat deviation: 1, population std: 106393.49
2025-11-05 19:14:33,847 - INFO - Step 1080, current temperature: 0.019126934029576086, current score: 10212.911407277192
2025-11-05 19:14:33,847 - INFO - Seat deviation: 1, population std: 102129.11
2025-11-05 19:14:38,213 - INFO - Step 1110, current temperature: 0.014148200243450431, current score: 10016.433737258616
2025-11-05 19:14:38,214 - INFO - Seat deviation: 1, population std: 100164.34
2025-11-05 19:14:42,618 - INFO - Step 1140, current temperature: 0.010465429002852442, current score: 9317.230708657326
2025-11-05 19:14:42,618 - INFO - Seat deviation: 1, population std: 93172.31
2025-11-05 19:14:43,330 - INFO - Optimization complete. Best score: 9317.230708657326
2025-11-05 19:14:43,332 - INFO - Results saved to results/data/sa_maximize_right_20251105_191151_seed42.json
2025-11-05 19:14:43,337 - INFO - Full results saved to results/data/sa_maximize_right_20251105_191151_seed42.pkl
2025-11-05 19:14:43,337 - INFO - Creating visualizations...
2025-11-05 19:14:44,469 - INFO - Simplified comparison plot saved to results/sa_maximize_right_20251105_191151_seed42_comparison.png
2025-11-05 19:14:44,470 - INFO - Creating simplified animation with 39 frames
2025-11-05 19:14:44,553 - INFO - Animation.save using <class 'matplotlib.animation.PillowWriter'>
2025-11-05 19:15:00,114 - INFO - Simplified animation saved to results/gifs/sa_maximize_right_20251105_191151_seed42.gif
2025-11-05 19:15:00,114 - INFO - ================================================================================
2025-11-05 19:15:00,115 - INFO - Experiment complete!
2025-11-05 19:15:00,115 - INFO - Results: results/data/sa_maximize_right_20251105_191151_seed42.json
2025-11-05 19:15:00,115 - INFO - Comparison: results/sa_maximize_right_20251105_191151_seed42_comparison.png
2025-11-05 19:15:00,115 - INFO - Animation: results/gifs/sa_maximize_right_20251105_191151_seed42.gif
2025-11-05 19:15:00,115 - INFO - ================================================================================
